18:24:13 **** Incremental Build of configuration Debug for project STM32_FreeRTOS_Task_Notify ****
make -j4 all 
Building file: ../src/main.c
Invoking: MCU GCC Compiler
C:\Users\Asus\Documents\GitHub\workspaceSTM32\STM32_FreeRTOS_Task_Notify\Debug
arm-none-eabi-gcc -mcpu=cortex-m4 -mthumb -mfloat-abi=hard -mfpu=fpv4-sp-d16 -DSTM32 -DSTM32F3 -DSTM32F30 -DSTM32F303VCTx -DSTM32F3DISCOVERY -DDEBUG -DSTM32F303xC -DUSE_STDPERIPH_DRIVER -I"C:/Users/Asus/Documents/GitHub/workspaceSTM32/STM32_FreeRTOS_Task_Notify/Utilities" -I"C:/Users/Asus/Documents/GitHub/workspaceSTM32/STM32_FreeRTOS_Task_Notify/Config" -I"C:/Users/Asus/Documents/GitHub/workspaceSTM32/STM32_FreeRTOS_Task_Notify/Third-Party/FreeRTOS/org/Source/include" -I"C:/Users/Asus/Documents/GitHub/workspaceSTM32/STM32_FreeRTOS_Task_Notify/Third-Party/SEGGER/Config" -I"C:/Users/Asus/Documents/GitHub/workspaceSTM32/STM32_FreeRTOS_Task_Notify/Third-Party/SEGGER/OS" -I"C:/Users/Asus/Documents/GitHub/workspaceSTM32/STM32_FreeRTOS_Task_Notify/Third-Party/SEGGER/SEGGER" -I"C:/Users/Asus/Documents/GitHub/workspaceSTM32/STM32_FreeRTOS_Task_Notify/Third-Party/FreeRTOS/org/Source/portable/GCC/ARM_CM4F" -I"C:/Users/Asus/Documents/GitHub/workspaceSTM32/STM32_FreeRTOS_Task_Notify/StdPeriph_Driver/inc" -I"C:/Users/Asus/Documents/GitHub/workspaceSTM32/STM32_FreeRTOS_Task_Notify/inc" -I"C:/Users/Asus/Documents/GitHub/workspaceSTM32/STM32_FreeRTOS_Task_Notify/CMSIS/device" -I"C:/Users/Asus/Documents/GitHub/workspaceSTM32/STM32_FreeRTOS_Task_Notify/CMSIS/core" -O0 -g3 -Wall -fmessage-length=0 -ffunction-sections -c -MMD -MP -MF"src/main.d" -MT"src/main.o" -o "src/main.o" "../src/main.c"
Finished building: ../src/main.c
 
Building target: STM32_FreeRTOS_Task_Notify.elf
Invoking: MCU GCC Linker
arm-none-eabi-gcc -mcpu=cortex-m4 -mthumb -mfloat-abi=hard -mfpu=fpv4-sp-d16 -specs=rdimon.specs -lc -lrdimon -T"C:/Users/Asus/Documents/GitHub/workspaceSTM32/STM32_FreeRTOS_Task_Notify/LinkerScript.ld" -Wl,-Map=output.map -Wl,--gc-sections -o "STM32_FreeRTOS_Task_Notify.elf" @"objects.list"   -lm
Finished building target: STM32_FreeRTOS_Task_Notify.elf
 
make --no-print-directory post-build
Generating binary and Printing size information:
arm-none-eabi-objcopy -O binary "STM32_FreeRTOS_Task_Notify.elf" "STM32_FreeRTOS_Task_Notify.bin"
arm-none-eabi-size "STM32_FreeRTOS_Task_Notify.elf"
   text	   data	    bss	    dec	    hex	filename
  45476	   2760	  36812	  85048	  14c38	STM32_FreeRTOS_Task_Notify.elf
 

18:24:16 Build Finished (took 3s.354ms)

18:24:17 **** Incremental Build of configuration Debug for project STM32_FreeRTOS_Task_Notify ****
make -j4 all 
make: Nothing to be done for 'all'.
