08:58:14 **** Build of configuration Debug for project STM32_FreeRTOS_Queue_Procesing ****
make -j4 all 
Building file: ../startup/startup_stm32f30x.S
Building file: ../src/main.c
Invoking: MCU GCC Compiler
Invoking: MCU GCC Compiler
C:\Users\Asus\Documents\GitHub\workspaceSTM32\STM32_FreeRTOS_Queue_Procesing\Debug
arm-none-eabi-gcc -mcpu=cortex-m4 -mthumb -mfloat-abi=hard -mfpu=fpv4-sp-d16 -DSTM32 -DSTM32F3 -DSTM32F30 -DSTM32F303VCTx -DSTM32F3DISCOVERY -DDEBUG -DSTM32F303xC -DUSE_STDPERIPH_DRIVER -I"C:/Users/Asus/Documents/GitHub/workspaceSTM32/STM32_FreeRTOS_Queue_Procesing/Utilities" -I"C:/Users/Asus/Documents/GitHub/workspaceSTM32/STM32_FreeRTOS_Queue_Procesing/Config" -I"C:/Users/Asus/Documents/GitHub/workspaceSTM32/STM32_FreeRTOS_Queue_Procesing/Third-Party/FreeRTOS/org/Source/include" -I"C:/Users/Asus/Documents/GitHub/workspaceSTM32/STM32_FreeRTOS_Queue_Procesing/Third-Party/SEGGER/Config" -I"C:/Users/Asus/Documents/GitHub/workspaceSTM32/STM32_FreeRTOS_Queue_Procesing/Third-Party/SEGGER/OS" -I"C:/Users/Asus/Documents/GitHub/workspaceSTM32/STM32_FreeRTOS_Queue_Procesing/Third-Party/SEGGER/SEGGER" -I"C:/Users/Asus/Documents/GitHub/workspaceSTM32/STM32_FreeRTOS_Queue_Procesing/Third-Party/FreeRTOS/org/Source/portable/GCC/ARM_CM4F" -I"C:/Users/Asus/Documents/GitHub/workspaceSTM32/STM32_FreeRTOS_Queue_Procesing/StdPeriph_Driver/inc" -I"C:/Users/Asus/Documents/GitHub/workspaceSTM32/STM32_FreeRTOS_Queue_Procesing/inc" -I"C:/Users/Asus/Documents/GitHub/workspaceSTM32/STM32_FreeRTOS_Queue_Procesing/CMSIS/device" -I"C:/Users/Asus/Documents/GitHub/workspaceSTM32/STM32_FreeRTOS_Queue_Procesing/CMSIS/core" -O0 -g3 -Wall -fmessage-length=0 -ffunction-sections -c -MMD -MP -MF"startup/startup_stm32f30x.d" -MT"startup/startup_stm32f30x.o" -o "startup/startup_stm32f30x.o" "../startup/startup_stm32f30x.S"
C:\Users\Asus\Documents\GitHub\workspaceSTM32\STM32_FreeRTOS_Queue_Procesing\Debug
arm-none-eabi-gcc -mcpu=cortex-m4 -mthumb -mfloat-abi=hard -mfpu=fpv4-sp-d16 -DSTM32 -DSTM32F3 -DSTM32F30 -DSTM32F303VCTx -DSTM32F3DISCOVERY -DDEBUG -DSTM32F303xC -DUSE_STDPERIPH_DRIVER -I"C:/Users/Asus/Documents/GitHub/workspaceSTM32/STM32_FreeRTOS_Queue_Procesing/Utilities" -I"C:/Users/Asus/Documents/GitHub/workspaceSTM32/STM32_FreeRTOS_Queue_Procesing/Config" -I"C:/Users/Asus/Documents/GitHub/workspaceSTM32/STM32_FreeRTOS_Queue_Procesing/Third-Party/FreeRTOS/org/Source/include" -I"C:/Users/Asus/Documents/GitHub/workspaceSTM32/STM32_FreeRTOS_Queue_Procesing/Third-Party/SEGGER/Config" -I"C:/Users/Asus/Documents/GitHub/workspaceSTM32/STM32_FreeRTOS_Queue_Procesing/Third-Party/SEGGER/OS" -I"C:/Users/Asus/Documents/GitHub/workspaceSTM32/STM32_FreeRTOS_Queue_Procesing/Third-Party/SEGGER/SEGGER" -I"C:/Users/Asus/Documents/GitHub/workspaceSTM32/STM32_FreeRTOS_Queue_Procesing/Third-Party/FreeRTOS/org/Source/portable/GCC/ARM_CM4F" -I"C:/Users/Asus/Documents/GitHub/workspaceSTM32/STM32_FreeRTOS_Queue_Procesing/StdPeriph_Driver/inc" -I"C:/Users/Asus/Documents/GitHub/workspaceSTM32/STM32_FreeRTOS_Queue_Procesing/inc" -I"C:/Users/Asus/Documents/GitHub/workspaceSTM32/STM32_FreeRTOS_Queue_Procesing/CMSIS/device" -I"C:/Users/Asus/Documents/GitHub/workspaceSTM32/STM32_FreeRTOS_Queue_Procesing/CMSIS/core" -O0 -g3 -Wall -fmessage-length=0 -ffunction-sections -c -MMD -MP -MF"src/main.d" -MT"src/main.o" -o "src/main.o" "../src/main.c"
Building file: ../src/system_stm32f30x.c
Building file: ../Utilities/stm32f3_discovery.c
Invoking: MCU GCC Compiler
Invoking: MCU GCC Compiler
C:\Users\Asus\Documents\GitHub\workspaceSTM32\STM32_FreeRTOS_Queue_Procesing\Debug
arm-none-eabi-gcc -mcpu=cortex-m4 -mthumb -mfloat-abi=hard -mfpu=fpv4-sp-d16 -DSTM32 -DSTM32F3 -DSTM32F30 -DSTM32F303VCTx -DSTM32F3DISCOVERY -DDEBUG -DSTM32F303xC -DUSE_STDPERIPH_DRIVER -I"C:/Users/Asus/Documents/GitHub/workspaceSTM32/STM32_FreeRTOS_Queue_Procesing/Utilities" -I"C:/Users/Asus/Documents/GitHub/workspaceSTM32/STM32_FreeRTOS_Queue_Procesing/Config" -I"C:/Users/Asus/Documents/GitHub/workspaceSTM32/STM32_FreeRTOS_Queue_Procesing/Third-Party/FreeRTOS/org/Source/include" -I"C:/Users/Asus/Documents/GitHub/workspaceSTM32/STM32_FreeRTOS_Queue_Procesing/Third-Party/SEGGER/Config" -I"C:/Users/Asus/Documents/GitHub/workspaceSTM32/STM32_FreeRTOS_Queue_Procesing/Third-Party/SEGGER/OS" -I"C:/Users/Asus/Documents/GitHub/workspaceSTM32/STM32_FreeRTOS_Queue_Procesing/Third-Party/SEGGER/SEGGER" -I"C:/Users/Asus/Documents/GitHub/workspaceSTM32/STM32_FreeRTOS_Queue_Procesing/Third-Party/FreeRTOS/org/Source/portable/GCC/ARM_CM4F" -I"C:/Users/Asus/Documents/GitHub/workspaceSTM32/STM32_FreeRTOS_Queue_Procesing/StdPeriph_Driver/inc" -I"C:/Users/Asus/Documents/GitHub/workspaceSTM32/STM32_FreeRTOS_Queue_Procesing/inc" -I"C:/Users/Asus/Documents/GitHub/workspaceSTM32/STM32_FreeRTOS_Queue_Procesing/CMSIS/device" -I"C:/Users/Asus/Documents/GitHub/workspaceSTM32/STM32_FreeRTOS_Queue_Procesing/CMSIS/core" -O0 -g3 -Wall -fmessage-length=0 -ffunction-sections -c -MMD -MP -MF"src/system_stm32f30x.d" -MT"src/system_stm32f30x.o" -o "src/system_stm32f30x.o" "../src/system_stm32f30x.c"
C:\Users\Asus\Documents\GitHub\workspaceSTM32\STM32_FreeRTOS_Queue_Procesing\Debug
arm-none-eabi-gcc -mcpu=cortex-m4 -mthumb -mfloat-abi=hard -mfpu=fpv4-sp-d16 -DSTM32 -DSTM32F3 -DSTM32F30 -DSTM32F303VCTx -DSTM32F3DISCOVERY -DDEBUG -DSTM32F303xC -DUSE_STDPERIPH_DRIVER -I"C:/Users/Asus/Documents/GitHub/workspaceSTM32/STM32_FreeRTOS_Queue_Procesing/Utilities" -I"C:/Users/Asus/Documents/GitHub/workspaceSTM32/STM32_FreeRTOS_Queue_Procesing/Config" -I"C:/Users/Asus/Documents/GitHub/workspaceSTM32/STM32_FreeRTOS_Queue_Procesing/Third-Party/FreeRTOS/org/Source/include" -I"C:/Users/Asus/Documents/GitHub/workspaceSTM32/STM32_FreeRTOS_Queue_Procesing/Third-Party/SEGGER/Config" -I"C:/Users/Asus/Documents/GitHub/workspaceSTM32/STM32_FreeRTOS_Queue_Procesing/Third-Party/SEGGER/OS" -I"C:/Users/Asus/Documents/GitHub/workspaceSTM32/STM32_FreeRTOS_Queue_Procesing/Third-Party/SEGGER/SEGGER" -I"C:/Users/Asus/Documents/GitHub/workspaceSTM32/STM32_FreeRTOS_Queue_Procesing/Third-Party/FreeRTOS/org/Source/portable/GCC/ARM_CM4F" -I"C:/Users/Asus/Documents/GitHub/workspaceSTM32/STM32_FreeRTOS_Queue_Procesing/StdPeriph_Driver/inc" -I"C:/Users/Asus/Documents/GitHub/workspaceSTM32/STM32_FreeRTOS_Queue_Procesing/inc" -I"C:/Users/Asus/Documents/GitHub/workspaceSTM32/STM32_FreeRTOS_Queue_Procesing/CMSIS/device" -I"C:/Users/Asus/Documents/GitHub/workspaceSTM32/STM32_FreeRTOS_Queue_Procesing/CMSIS/core" -O0 -g3 -Wall -fmessage-length=0 -ffunction-sections -c -MMD -MP -MF"Utilities/stm32f3_discovery.d" -MT"Utilities/stm32f3_discovery.o" -o "Utilities/stm32f3_discovery.o" "../Utilities/stm32f3_discovery.c"
Finished building: ../startup/startup_stm32f30x.S
 
Building file: ../Utilities/stm32f3_discovery_l3gd20.c
Invoking: MCU GCC Compiler
C:\Users\Asus\Documents\GitHub\workspaceSTM32\STM32_FreeRTOS_Queue_Procesing\Debug
arm-none-eabi-gcc -mcpu=cortex-m4 -mthumb -mfloat-abi=hard -mfpu=fpv4-sp-d16 -DSTM32 -DSTM32F3 -DSTM32F30 -DSTM32F303VCTx -DSTM32F3DISCOVERY -DDEBUG -DSTM32F303xC -DUSE_STDPERIPH_DRIVER -I"C:/Users/Asus/Documents/GitHub/workspaceSTM32/STM32_FreeRTOS_Queue_Procesing/Utilities" -I"C:/Users/Asus/Documents/GitHub/workspaceSTM32/STM32_FreeRTOS_Queue_Procesing/Config" -I"C:/Users/Asus/Documents/GitHub/workspaceSTM32/STM32_FreeRTOS_Queue_Procesing/Third-Party/FreeRTOS/org/Source/include" -I"C:/Users/Asus/Documents/GitHub/workspaceSTM32/STM32_FreeRTOS_Queue_Procesing/Third-Party/SEGGER/Config" -I"C:/Users/Asus/Documents/GitHub/workspaceSTM32/STM32_FreeRTOS_Queue_Procesing/Third-Party/SEGGER/OS" -I"C:/Users/Asus/Documents/GitHub/workspaceSTM32/STM32_FreeRTOS_Queue_Procesing/Third-Party/SEGGER/SEGGER" -I"C:/Users/Asus/Documents/GitHub/workspaceSTM32/STM32_FreeRTOS_Queue_Procesing/Third-Party/FreeRTOS/org/Source/portable/GCC/ARM_CM4F" -I"C:/Users/Asus/Documents/GitHub/workspaceSTM32/STM32_FreeRTOS_Queue_Procesing/StdPeriph_Driver/inc" -I"C:/Users/Asus/Documents/GitHub/workspaceSTM32/STM32_FreeRTOS_Queue_Procesing/inc" -I"C:/Users/Asus/Documents/GitHub/workspaceSTM32/STM32_FreeRTOS_Queue_Procesing/CMSIS/device" -I"C:/Users/Asus/Documents/GitHub/workspaceSTM32/STM32_FreeRTOS_Queue_Procesing/CMSIS/core" -O0 -g3 -Wall -fmessage-length=0 -ffunction-sections -c -MMD -MP -MF"Utilities/stm32f3_discovery_l3gd20.d" -MT"Utilities/stm32f3_discovery_l3gd20.o" -o "Utilities/stm32f3_discovery_l3gd20.o" "../Utilities/stm32f3_discovery_l3gd20.c"
Finished building: ../src/main.c
 
Building file: ../Utilities/stm32f3_discovery_lsm303dlhc.c
Invoking: MCU GCC Compiler
C:\Users\Asus\Documents\GitHub\workspaceSTM32\STM32_FreeRTOS_Queue_Procesing\Debug
arm-none-eabi-gcc -mcpu=cortex-m4 -mthumb -mfloat-abi=hard -mfpu=fpv4-sp-d16 -DSTM32 -DSTM32F3 -DSTM32F30 -DSTM32F303VCTx -DSTM32F3DISCOVERY -DDEBUG -DSTM32F303xC -DUSE_STDPERIPH_DRIVER -I"C:/Users/Asus/Documents/GitHub/workspaceSTM32/STM32_FreeRTOS_Queue_Procesing/Utilities" -I"C:/Users/Asus/Documents/GitHub/workspaceSTM32/STM32_FreeRTOS_Queue_Procesing/Config" -I"C:/Users/Asus/Documents/GitHub/workspaceSTM32/STM32_FreeRTOS_Queue_Procesing/Third-Party/FreeRTOS/org/Source/include" -I"C:/Users/Asus/Documents/GitHub/workspaceSTM32/STM32_FreeRTOS_Queue_Procesing/Third-Party/SEGGER/Config" -I"C:/Users/Asus/Documents/GitHub/workspaceSTM32/STM32_FreeRTOS_Queue_Procesing/Third-Party/SEGGER/OS" -I"C:/Users/Asus/Documents/GitHub/workspaceSTM32/STM32_FreeRTOS_Queue_Procesing/Third-Party/SEGGER/SEGGER" -I"C:/Users/Asus/Documents/GitHub/workspaceSTM32/STM32_FreeRTOS_Queue_Procesing/Third-Party/FreeRTOS/org/Source/portable/GCC/ARM_CM4F" -I"C:/Users/Asus/Documents/GitHub/workspaceSTM32/STM32_FreeRTOS_Queue_Procesing/StdPeriph_Driver/inc" -I"C:/Users/Asus/Documents/GitHub/workspaceSTM32/STM32_FreeRTOS_Queue_Procesing/inc" -I"C:/Users/Asus/Documents/GitHub/workspaceSTM32/STM32_FreeRTOS_Queue_Procesing/CMSIS/device" -I"C:/Users/Asus/Documents/GitHub/workspaceSTM32/STM32_FreeRTOS_Queue_Procesing/CMSIS/core" -O0 -g3 -Wall -fmessage-length=0 -ffunction-sections -c -MMD -MP -MF"Utilities/stm32f3_discovery_lsm303dlhc.d" -MT"Utilities/stm32f3_discovery_lsm303dlhc.o" -o "Utilities/stm32f3_discovery_lsm303dlhc.o" "../Utilities/stm32f3_discovery_lsm303dlhc.c"
Finished building: ../src/system_stm32f30x.c
Finished building: ../Utilities/stm32f3_discovery.c
 
 
Building file: ../Third-Party/SEGGER/SEGGER/SEGGER_RTT.c
Building file: ../Third-Party/SEGGER/SEGGER/SEGGER_SYSVIEW.c
Invoking: MCU GCC Compiler
Invoking: MCU GCC Compiler
Finished building: ../Utilities/stm32f3_discovery_l3gd20.c
C:\Users\Asus\Documents\GitHub\workspaceSTM32\STM32_FreeRTOS_Queue_Procesing\Debug
C:\Users\Asus\Documents\GitHub\workspaceSTM32\STM32_FreeRTOS_Queue_Procesing\Debug
arm-none-eabi-gcc -mcpu=cortex-m4 -mthumb -mfloat-abi=hard -mfpu=fpv4-sp-d16 -DSTM32 -DSTM32F3 -DSTM32F30 -DSTM32F303VCTx -DSTM32F3DISCOVERY -DDEBUG -DSTM32F303xC -DUSE_STDPERIPH_DRIVER -I"C:/Users/Asus/Documents/GitHub/workspaceSTM32/STM32_FreeRTOS_Queue_Procesing/Utilities" -I"C:/Users/Asus/Documents/GitHub/workspaceSTM32/STM32_FreeRTOS_Queue_Procesing/Config" -I"C:/Users/Asus/Documents/GitHub/workspaceSTM32/STM32_FreeRTOS_Queue_Procesing/Third-Party/FreeRTOS/org/Source/include" -I"C:/Users/Asus/Documents/GitHub/workspaceSTM32/STM32_FreeRTOS_Queue_Procesing/Third-Party/SEGGER/Config" -I"C:/Users/Asus/Documents/GitHub/workspaceSTM32/STM32_FreeRTOS_Queue_Procesing/Third-Party/SEGGER/OS" -I"C:/Users/Asus/Documents/GitHub/workspaceSTM32/STM32_FreeRTOS_Queue_Procesing/Third-Party/SEGGER/SEGGER" -I"C:/Users/Asus/Documents/GitHub/workspaceSTM32/STM32_FreeRTOS_Queue_Procesing/Third-Party/FreeRTOS/org/Source/portable/GCC/ARM_CM4F" -I"C:/Users/Asus/Documents/GitHub/workspaceSTM32/STM32_FreeRTOS_Queue_Procesing/StdPeriph_Driver/inc" -I"C:/Users/Asus/Documents/GitHub/workspaceSTM32/STM32_FreeRTOS_Queue_Procesing/inc" -I"C:/Users/Asus/Documents/GitHub/workspaceSTM32/STM32_FreeRTOS_Queue_Procesing/CMSIS/device" -I"C:/Users/Asus/Documents/GitHub/workspaceSTM32/STM32_FreeRTOS_Queue_Procesing/CMSIS/core" -O0 -g3 -Wall -fmessage-length=0 -ffunction-sections -c -MMD -MP -MF"Third-Party/SEGGER/SEGGER/SEGGER_RTT.d" -MT"Third-Party/SEGGER/SEGGER/SEGGER_RTT.o" -o "Third-Party/SEGGER/SEGGER/SEGGER_RTT.o" "../Third-Party/SEGGER/SEGGER/SEGGER_RTT.c"
 
arm-none-eabi-gcc -mcpu=cortex-m4 -mthumb -mfloat-abi=hard -mfpu=fpv4-sp-d16 -DSTM32 -DSTM32F3 -DSTM32F30 -DSTM32F303VCTx -DSTM32F3DISCOVERY -DDEBUG -DSTM32F303xC -DUSE_STDPERIPH_DRIVER -I"C:/Users/Asus/Documents/GitHub/workspaceSTM32/STM32_FreeRTOS_Queue_Procesing/Utilities" -I"C:/Users/Asus/Documents/GitHub/workspaceSTM32/STM32_FreeRTOS_Queue_Procesing/Config" -I"C:/Users/Asus/Documents/GitHub/workspaceSTM32/STM32_FreeRTOS_Queue_Procesing/Third-Party/FreeRTOS/org/Source/include" -I"C:/Users/Asus/Documents/GitHub/workspaceSTM32/STM32_FreeRTOS_Queue_Procesing/Third-Party/SEGGER/Config" -I"C:/Users/Asus/Documents/GitHub/workspaceSTM32/STM32_FreeRTOS_Queue_Procesing/Third-Party/SEGGER/OS" -I"C:/Users/Asus/Documents/GitHub/workspaceSTM32/STM32_FreeRTOS_Queue_Procesing/Third-Party/SEGGER/SEGGER" -I"C:/Users/Asus/Documents/GitHub/workspaceSTM32/STM32_FreeRTOS_Queue_Procesing/Third-Party/FreeRTOS/org/Source/portable/GCC/ARM_CM4F" -I"C:/Users/Asus/Documents/GitHub/workspaceSTM32/STM32_FreeRTOS_Queue_Procesing/StdPeriph_Driver/inc" -I"C:/Users/Asus/Documents/GitHub/workspaceSTM32/STM32_FreeRTOS_Queue_Procesing/inc" -I"C:/Users/Asus/Documents/GitHub/workspaceSTM32/STM32_FreeRTOS_Queue_Procesing/CMSIS/device" -I"C:/Users/Asus/Documents/GitHub/workspaceSTM32/STM32_FreeRTOS_Queue_Procesing/CMSIS/core" -O0 -g3 -Wall -fmessage-length=0 -ffunction-sections -c -MMD -MP -MF"Third-Party/SEGGER/SEGGER/SEGGER_SYSVIEW.d" -MT"Third-Party/SEGGER/SEGGER/SEGGER_SYSVIEW.o" -o "Third-Party/SEGGER/SEGGER/SEGGER_SYSVIEW.o" "../Third-Party/SEGGER/SEGGER/SEGGER_SYSVIEW.c"
Finished building: ../Utilities/stm32f3_discovery_lsm303dlhc.c
 
Building file: ../Third-Party/SEGGER/OS/SEGGER_SYSVIEW_FreeRTOS.c
Building file: ../Third-Party/SEGGER/Config/SEGGER_SYSVIEW_Config_FreeRTOS.c
Invoking: MCU GCC Compiler
Invoking: MCU GCC Compiler
C:\Users\Asus\Documents\GitHub\workspaceSTM32\STM32_FreeRTOS_Queue_Procesing\Debug
arm-none-eabi-gcc -mcpu=cortex-m4 -mthumb -mfloat-abi=hard -mfpu=fpv4-sp-d16 -DSTM32 -DSTM32F3 -DSTM32F30 -DSTM32F303VCTx -DSTM32F3DISCOVERY -DDEBUG -DSTM32F303xC -DUSE_STDPERIPH_DRIVER -I"C:/Users/Asus/Documents/GitHub/workspaceSTM32/STM32_FreeRTOS_Queue_Procesing/Utilities" -I"C:/Users/Asus/Documents/GitHub/workspaceSTM32/STM32_FreeRTOS_Queue_Procesing/Config" -I"C:/Users/Asus/Documents/GitHub/workspaceSTM32/STM32_FreeRTOS_Queue_Procesing/Third-Party/FreeRTOS/org/Source/include" -I"C:/Users/Asus/Documents/GitHub/workspaceSTM32/STM32_FreeRTOS_Queue_Procesing/Third-Party/SEGGER/Config" -I"C:/Users/Asus/Documents/GitHub/workspaceSTM32/STM32_FreeRTOS_Queue_Procesing/Third-Party/SEGGER/OS" -I"C:/Users/Asus/Documents/GitHub/workspaceSTM32/STM32_FreeRTOS_Queue_Procesing/Third-Party/SEGGER/SEGGER" -I"C:/Users/Asus/Documents/GitHub/workspaceSTM32/STM32_FreeRTOS_Queue_Procesing/Third-Party/FreeRTOS/org/Source/portable/GCC/ARM_CM4F" -I"C:/Users/Asus/Documents/GitHub/workspaceSTM32/STM32_FreeRTOS_Queue_Procesing/StdPeriph_Driver/inc" -I"C:/Users/Asus/Documents/GitHub/workspaceSTM32/STM32_FreeRTOS_Queue_Procesing/inc" -I"C:/Users/Asus/Documents/GitHub/workspaceSTM32/STM32_FreeRTOS_Queue_Procesing/CMSIS/device" -I"C:/Users/Asus/Documents/GitHub/workspaceSTM32/STM32_FreeRTOS_Queue_Procesing/CMSIS/core" -O0 -g3 -Wall -fmessage-length=0 -ffunction-sections -c -MMD -MP -MF"Third-Party/SEGGER/OS/SEGGER_SYSVIEW_FreeRTOS.d" -MT"Third-Party/SEGGER/OS/SEGGER_SYSVIEW_FreeRTOS.o" -o "Third-Party/SEGGER/OS/SEGGER_SYSVIEW_FreeRTOS.o" "../Third-Party/SEGGER/OS/SEGGER_SYSVIEW_FreeRTOS.c"
C:\Users\Asus\Documents\GitHub\workspaceSTM32\STM32_FreeRTOS_Queue_Procesing\Debug
arm-none-eabi-gcc -mcpu=cortex-m4 -mthumb -mfloat-abi=hard -mfpu=fpv4-sp-d16 -DSTM32 -DSTM32F3 -DSTM32F30 -DSTM32F303VCTx -DSTM32F3DISCOVERY -DDEBUG -DSTM32F303xC -DUSE_STDPERIPH_DRIVER -I"C:/Users/Asus/Documents/GitHub/workspaceSTM32/STM32_FreeRTOS_Queue_Procesing/Utilities" -I"C:/Users/Asus/Documents/GitHub/workspaceSTM32/STM32_FreeRTOS_Queue_Procesing/Config" -I"C:/Users/Asus/Documents/GitHub/workspaceSTM32/STM32_FreeRTOS_Queue_Procesing/Third-Party/FreeRTOS/org/Source/include" -I"C:/Users/Asus/Documents/GitHub/workspaceSTM32/STM32_FreeRTOS_Queue_Procesing/Third-Party/SEGGER/Config" -I"C:/Users/Asus/Documents/GitHub/workspaceSTM32/STM32_FreeRTOS_Queue_Procesing/Third-Party/SEGGER/OS" -I"C:/Users/Asus/Documents/GitHub/workspaceSTM32/STM32_FreeRTOS_Queue_Procesing/Third-Party/SEGGER/SEGGER" -I"C:/Users/Asus/Documents/GitHub/workspaceSTM32/STM32_FreeRTOS_Queue_Procesing/Third-Party/FreeRTOS/org/Source/portable/GCC/ARM_CM4F" -I"C:/Users/Asus/Documents/GitHub/workspaceSTM32/STM32_FreeRTOS_Queue_Procesing/StdPeriph_Driver/inc" -I"C:/Users/Asus/Documents/GitHub/workspaceSTM32/STM32_FreeRTOS_Queue_Procesing/inc" -I"C:/Users/Asus/Documents/GitHub/workspaceSTM32/STM32_FreeRTOS_Queue_Procesing/CMSIS/device" -I"C:/Users/Asus/Documents/GitHub/workspaceSTM32/STM32_FreeRTOS_Queue_Procesing/CMSIS/core" -O0 -g3 -Wall -fmessage-length=0 -ffunction-sections -c -MMD -MP -MF"Third-Party/SEGGER/Config/SEGGER_SYSVIEW_Config_FreeRTOS.d" -MT"Third-Party/SEGGER/Config/SEGGER_SYSVIEW_Config_FreeRTOS.o" -o "Third-Party/SEGGER/Config/SEGGER_SYSVIEW_Config_FreeRTOS.o" "../Third-Party/SEGGER/Config/SEGGER_SYSVIEW_Config_FreeRTOS.c"
Finished building: ../Third-Party/SEGGER/SEGGER/SEGGER_RTT.c
 
Building file: ../Third-Party/FreeRTOS/org/Source/portable/MemMang/heap_4.c
Invoking: MCU GCC Compiler
Finished building: ../Third-Party/SEGGER/SEGGER/SEGGER_SYSVIEW.c
C:\Users\Asus\Documents\GitHub\workspaceSTM32\STM32_FreeRTOS_Queue_Procesing\Debug
arm-none-eabi-gcc -mcpu=cortex-m4 -mthumb -mfloat-abi=hard -mfpu=fpv4-sp-d16 -DSTM32 -DSTM32F3 -DSTM32F30 -DSTM32F303VCTx -DSTM32F3DISCOVERY -DDEBUG -DSTM32F303xC -DUSE_STDPERIPH_DRIVER -I"C:/Users/Asus/Documents/GitHub/workspaceSTM32/STM32_FreeRTOS_Queue_Procesing/Utilities" -I"C:/Users/Asus/Documents/GitHub/workspaceSTM32/STM32_FreeRTOS_Queue_Procesing/Config" -I"C:/Users/Asus/Documents/GitHub/workspaceSTM32/STM32_FreeRTOS_Queue_Procesing/Third-Party/FreeRTOS/org/Source/include" -I"C:/Users/Asus/Documents/GitHub/workspaceSTM32/STM32_FreeRTOS_Queue_Procesing/Third-Party/SEGGER/Config" -I"C:/Users/Asus/Documents/GitHub/workspaceSTM32/STM32_FreeRTOS_Queue_Procesing/Third-Party/SEGGER/OS" -I"C:/Users/Asus/Documents/GitHub/workspaceSTM32/STM32_FreeRTOS_Queue_Procesing/Third-Party/SEGGER/SEGGER" -I"C:/Users/Asus/Documents/GitHub/workspaceSTM32/STM32_FreeRTOS_Queue_Procesing/Third-Party/FreeRTOS/org/Source/portable/GCC/ARM_CM4F" -I"C:/Users/Asus/Documents/GitHub/workspaceSTM32/STM32_FreeRTOS_Queue_Procesing/StdPeriph_Driver/inc" -I"C:/Users/Asus/Documents/GitHub/workspaceSTM32/STM32_FreeRTOS_Queue_Procesing/inc" -I"C:/Users/Asus/Documents/GitHub/workspaceSTM32/STM32_FreeRTOS_Queue_Procesing/CMSIS/device" -I"C:/Users/Asus/Documents/GitHub/workspaceSTM32/STM32_FreeRTOS_Queue_Procesing/CMSIS/core" -O0 -g3 -Wall -fmessage-length=0 -ffunction-sections -c -MMD -MP -MF"Third-Party/FreeRTOS/org/Source/portable/MemMang/heap_4.d" -MT"Third-Party/FreeRTOS/org/Source/portable/MemMang/heap_4.o" -o "Third-Party/FreeRTOS/org/Source/portable/MemMang/heap_4.o" "../Third-Party/FreeRTOS/org/Source/portable/MemMang/heap_4.c"
 
Building file: ../Third-Party/FreeRTOS/org/Source/portable/GCC/ARM_CM4F/port.c
Invoking: MCU GCC Compiler
Finished building: ../Third-Party/SEGGER/OS/SEGGER_SYSVIEW_FreeRTOS.c
Finished building: ../Third-Party/SEGGER/Config/SEGGER_SYSVIEW_Config_FreeRTOS.c
C:\Users\Asus\Documents\GitHub\workspaceSTM32\STM32_FreeRTOS_Queue_Procesing\Debug
 
arm-none-eabi-gcc -mcpu=cortex-m4 -mthumb -mfloat-abi=hard -mfpu=fpv4-sp-d16 -DSTM32 -DSTM32F3 -DSTM32F30 -DSTM32F303VCTx -DSTM32F3DISCOVERY -DDEBUG -DSTM32F303xC -DUSE_STDPERIPH_DRIVER -I"C:/Users/Asus/Documents/GitHub/workspaceSTM32/STM32_FreeRTOS_Queue_Procesing/Utilities" -I"C:/Users/Asus/Documents/GitHub/workspaceSTM32/STM32_FreeRTOS_Queue_Procesing/Config" -I"C:/Users/Asus/Documents/GitHub/workspaceSTM32/STM32_FreeRTOS_Queue_Procesing/Third-Party/FreeRTOS/org/Source/include" -I"C:/Users/Asus/Documents/GitHub/workspaceSTM32/STM32_FreeRTOS_Queue_Procesing/Third-Party/SEGGER/Config" -I"C:/Users/Asus/Documents/GitHub/workspaceSTM32/STM32_FreeRTOS_Queue_Procesing/Third-Party/SEGGER/OS" -I"C:/Users/Asus/Documents/GitHub/workspaceSTM32/STM32_FreeRTOS_Queue_Procesing/Third-Party/SEGGER/SEGGER" -I"C:/Users/Asus/Documents/GitHub/workspaceSTM32/STM32_FreeRTOS_Queue_Procesing/Third-Party/FreeRTOS/org/Source/portable/GCC/ARM_CM4F" -I"C:/Users/Asus/Documents/GitHub/workspaceSTM32/STM32_FreeRTOS_Queue_Procesing/StdPeriph_Driver/inc" -I"C:/Users/Asus/Documents/GitHub/workspaceSTM32/STM32_FreeRTOS_Queue_Procesing/inc" -I"C:/Users/Asus/Documents/GitHub/workspaceSTM32/STM32_FreeRTOS_Queue_Procesing/CMSIS/device" -I"C:/Users/Asus/Documents/GitHub/workspaceSTM32/STM32_FreeRTOS_Queue_Procesing/CMSIS/core" -O0 -g3 -Wall -fmessage-length=0 -ffunction-sections -c -MMD -MP -MF"Third-Party/FreeRTOS/org/Source/portable/GCC/ARM_CM4F/port.d" -MT"Third-Party/FreeRTOS/org/Source/portable/GCC/ARM_CM4F/port.o" -o "Third-Party/FreeRTOS/org/Source/portable/GCC/ARM_CM4F/port.o" "../Third-Party/FreeRTOS/org/Source/portable/GCC/ARM_CM4F/port.c"
 
Building file: ../Third-Party/FreeRTOS/org/Source/croutine.c
Building file: ../Third-Party/FreeRTOS/org/Source/event_groups.c
Invoking: MCU GCC Compiler
Invoking: MCU GCC Compiler
C:\Users\Asus\Documents\GitHub\workspaceSTM32\STM32_FreeRTOS_Queue_Procesing\Debug
Finished building: ../Third-Party/FreeRTOS/org/Source/portable/MemMang/heap_4.c
arm-none-eabi-gcc -mcpu=cortex-m4 -mthumb -mfloat-abi=hard -mfpu=fpv4-sp-d16 -DSTM32 -DSTM32F3 -DSTM32F30 -DSTM32F303VCTx -DSTM32F3DISCOVERY -DDEBUG -DSTM32F303xC -DUSE_STDPERIPH_DRIVER -I"C:/Users/Asus/Documents/GitHub/workspaceSTM32/STM32_FreeRTOS_Queue_Procesing/Utilities" -I"C:/Users/Asus/Documents/GitHub/workspaceSTM32/STM32_FreeRTOS_Queue_Procesing/Config" -I"C:/Users/Asus/Documents/GitHub/workspaceSTM32/STM32_FreeRTOS_Queue_Procesing/Third-Party/FreeRTOS/org/Source/include" -I"C:/Users/Asus/Documents/GitHub/workspaceSTM32/STM32_FreeRTOS_Queue_Procesing/Third-Party/SEGGER/Config" -I"C:/Users/Asus/Documents/GitHub/workspaceSTM32/STM32_FreeRTOS_Queue_Procesing/Third-Party/SEGGER/OS" -I"C:/Users/Asus/Documents/GitHub/workspaceSTM32/STM32_FreeRTOS_Queue_Procesing/Third-Party/SEGGER/SEGGER" -I"C:/Users/Asus/Documents/GitHub/workspaceSTM32/STM32_FreeRTOS_Queue_Procesing/Third-Party/FreeRTOS/org/Source/portable/GCC/ARM_CM4F" -I"C:/Users/Asus/Documents/GitHub/workspaceSTM32/STM32_FreeRTOS_Queue_Procesing/StdPeriph_Driver/inc" -I"C:/Users/Asus/Documents/GitHub/workspaceSTM32/STM32_FreeRTOS_Queue_Procesing/inc" -I"C:/Users/Asus/Documents/GitHub/workspaceSTM32/STM32_FreeRTOS_Queue_Procesing/CMSIS/device" -I"C:/Users/Asus/Documents/GitHub/workspaceSTM32/STM32_FreeRTOS_Queue_Procesing/CMSIS/core" -O0 -g3 -Wall -fmessage-length=0 -ffunction-sections -c -MMD -MP -MF"Third-Party/FreeRTOS/org/Source/croutine.d" -MT"Third-Party/FreeRTOS/org/Source/croutine.o" -o "Third-Party/FreeRTOS/org/Source/croutine.o" "../Third-Party/FreeRTOS/org/Source/croutine.c"
C:\Users\Asus\Documents\GitHub\workspaceSTM32\STM32_FreeRTOS_Queue_Procesing\Debug
arm-none-eabi-gcc -mcpu=cortex-m4 -mthumb -mfloat-abi=hard -mfpu=fpv4-sp-d16 -DSTM32 -DSTM32F3 -DSTM32F30 -DSTM32F303VCTx -DSTM32F3DISCOVERY -DDEBUG -DSTM32F303xC -DUSE_STDPERIPH_DRIVER -I"C:/Users/Asus/Documents/GitHub/workspaceSTM32/STM32_FreeRTOS_Queue_Procesing/Utilities" -I"C:/Users/Asus/Documents/GitHub/workspaceSTM32/STM32_FreeRTOS_Queue_Procesing/Config" -I"C:/Users/Asus/Documents/GitHub/workspaceSTM32/STM32_FreeRTOS_Queue_Procesing/Third-Party/FreeRTOS/org/Source/include" -I"C:/Users/Asus/Documents/GitHub/workspaceSTM32/STM32_FreeRTOS_Queue_Procesing/Third-Party/SEGGER/Config" -I"C:/Users/Asus/Documents/GitHub/workspaceSTM32/STM32_FreeRTOS_Queue_Procesing/Third-Party/SEGGER/OS" -I"C:/Users/Asus/Documents/GitHub/workspaceSTM32/STM32_FreeRTOS_Queue_Procesing/Third-Party/SEGGER/SEGGER" -I"C:/Users/Asus/Documents/GitHub/workspaceSTM32/STM32_FreeRTOS_Queue_Procesing/Third-Party/FreeRTOS/org/Source/portable/GCC/ARM_CM4F" -I"C:/Users/Asus/Documents/GitHub/workspaceSTM32/STM32_FreeRTOS_Queue_Procesing/StdPeriph_Driver/inc" -I"C:/Users/Asus/Documents/GitHub/workspaceSTM32/STM32_FreeRTOS_Queue_Procesing/inc" -I"C:/Users/Asus/Documents/GitHub/workspaceSTM32/STM32_FreeRTOS_Queue_Procesing/CMSIS/device" -I"C:/Users/Asus/Documents/GitHub/workspaceSTM32/STM32_FreeRTOS_Queue_Procesing/CMSIS/core" -O0 -g3 -Wall -fmessage-length=0 -ffunction-sections -c -MMD -MP -MF"Third-Party/FreeRTOS/org/Source/event_groups.d" -MT"Third-Party/FreeRTOS/org/Source/event_groups.o" -o "Third-Party/FreeRTOS/org/Source/event_groups.o" "../Third-Party/FreeRTOS/org/Source/event_groups.c"
 
Finished building: ../Third-Party/FreeRTOS/org/Source/portable/GCC/ARM_CM4F/port.c
Building file: ../Third-Party/FreeRTOS/org/Source/list.c
 
Invoking: MCU GCC Compiler
Building file: ../Third-Party/FreeRTOS/org/Source/queue.c
C:\Users\Asus\Documents\GitHub\workspaceSTM32\STM32_FreeRTOS_Queue_Procesing\Debug
Invoking: MCU GCC Compiler
arm-none-eabi-gcc -mcpu=cortex-m4 -mthumb -mfloat-abi=hard -mfpu=fpv4-sp-d16 -DSTM32 -DSTM32F3 -DSTM32F30 -DSTM32F303VCTx -DSTM32F3DISCOVERY -DDEBUG -DSTM32F303xC -DUSE_STDPERIPH_DRIVER -I"C:/Users/Asus/Documents/GitHub/workspaceSTM32/STM32_FreeRTOS_Queue_Procesing/Utilities" -I"C:/Users/Asus/Documents/GitHub/workspaceSTM32/STM32_FreeRTOS_Queue_Procesing/Config" -I"C:/Users/Asus/Documents/GitHub/workspaceSTM32/STM32_FreeRTOS_Queue_Procesing/Third-Party/FreeRTOS/org/Source/include" -I"C:/Users/Asus/Documents/GitHub/workspaceSTM32/STM32_FreeRTOS_Queue_Procesing/Third-Party/SEGGER/Config" -I"C:/Users/Asus/Documents/GitHub/workspaceSTM32/STM32_FreeRTOS_Queue_Procesing/Third-Party/SEGGER/OS" -I"C:/Users/Asus/Documents/GitHub/workspaceSTM32/STM32_FreeRTOS_Queue_Procesing/Third-Party/SEGGER/SEGGER" -I"C:/Users/Asus/Documents/GitHub/workspaceSTM32/STM32_FreeRTOS_Queue_Procesing/Third-Party/FreeRTOS/org/Source/portable/GCC/ARM_CM4F" -I"C:/Users/Asus/Documents/GitHub/workspaceSTM32/STM32_FreeRTOS_Queue_Procesing/StdPeriph_Driver/inc" -I"C:/Users/Asus/Documents/GitHub/workspaceSTM32/STM32_FreeRTOS_Queue_Procesing/inc" -I"C:/Users/Asus/Documents/GitHub/workspaceSTM32/STM32_FreeRTOS_Queue_Procesing/CMSIS/device" -I"C:/Users/Asus/Documents/GitHub/workspaceSTM32/STM32_FreeRTOS_Queue_Procesing/CMSIS/core" -O0 -g3 -Wall -fmessage-length=0 -ffunction-sections -c -MMD -MP -MF"Third-Party/FreeRTOS/org/Source/list.d" -MT"Third-Party/FreeRTOS/org/Source/list.o" -o "Third-Party/FreeRTOS/org/Source/list.o" "../Third-Party/FreeRTOS/org/Source/list.c"
Finished building: ../Third-Party/FreeRTOS/org/Source/croutine.c
C:\Users\Asus\Documents\GitHub\workspaceSTM32\STM32_FreeRTOS_Queue_Procesing\Debug
arm-none-eabi-gcc -mcpu=cortex-m4 -mthumb -mfloat-abi=hard -mfpu=fpv4-sp-d16 -DSTM32 -DSTM32F3 -DSTM32F30 -DSTM32F303VCTx -DSTM32F3DISCOVERY -DDEBUG -DSTM32F303xC -DUSE_STDPERIPH_DRIVER -I"C:/Users/Asus/Documents/GitHub/workspaceSTM32/STM32_FreeRTOS_Queue_Procesing/Utilities" -I"C:/Users/Asus/Documents/GitHub/workspaceSTM32/STM32_FreeRTOS_Queue_Procesing/Config" -I"C:/Users/Asus/Documents/GitHub/workspaceSTM32/STM32_FreeRTOS_Queue_Procesing/Third-Party/FreeRTOS/org/Source/include" -I"C:/Users/Asus/Documents/GitHub/workspaceSTM32/STM32_FreeRTOS_Queue_Procesing/Third-Party/SEGGER/Config" -I"C:/Users/Asus/Documents/GitHub/workspaceSTM32/STM32_FreeRTOS_Queue_Procesing/Third-Party/SEGGER/OS" -I"C:/Users/Asus/Documents/GitHub/workspaceSTM32/STM32_FreeRTOS_Queue_Procesing/Third-Party/SEGGER/SEGGER" -I"C:/Users/Asus/Documents/GitHub/workspaceSTM32/STM32_FreeRTOS_Queue_Procesing/Third-Party/FreeRTOS/org/Source/portable/GCC/ARM_CM4F" -I"C:/Users/Asus/Documents/GitHub/workspaceSTM32/STM32_FreeRTOS_Queue_Procesing/StdPeriph_Driver/inc" -I"C:/Users/Asus/Documents/GitHub/workspaceSTM32/STM32_FreeRTOS_Queue_Procesing/inc" -I"C:/Users/Asus/Documents/GitHub/workspaceSTM32/STM32_FreeRTOS_Queue_Procesing/CMSIS/device" -I"C:/Users/Asus/Documents/GitHub/workspaceSTM32/STM32_FreeRTOS_Queue_Procesing/CMSIS/core" -O0 -g3 -Wall -fmessage-length=0 -ffunction-sections -c -MMD -MP -MF"Third-Party/FreeRTOS/org/Source/queue.d" -MT"Third-Party/FreeRTOS/org/Source/queue.o" -o "Third-Party/FreeRTOS/org/Source/queue.o" "../Third-Party/FreeRTOS/org/Source/queue.c"
 
Building file: ../Third-Party/FreeRTOS/org/Source/stream_buffer.c
Finished building: ../Third-Party/FreeRTOS/org/Source/event_groups.c
Invoking: MCU GCC Compiler
 
C:\Users\Asus\Documents\GitHub\workspaceSTM32\STM32_FreeRTOS_Queue_Procesing\Debug
arm-none-eabi-gcc -mcpu=cortex-m4 -mthumb -mfloat-abi=hard -mfpu=fpv4-sp-d16 -DSTM32 -DSTM32F3 -DSTM32F30 -DSTM32F303VCTx -DSTM32F3DISCOVERY -DDEBUG -DSTM32F303xC -DUSE_STDPERIPH_DRIVER -I"C:/Users/Asus/Documents/GitHub/workspaceSTM32/STM32_FreeRTOS_Queue_Procesing/Utilities" -I"C:/Users/Asus/Documents/GitHub/workspaceSTM32/STM32_FreeRTOS_Queue_Procesing/Config" -I"C:/Users/Asus/Documents/GitHub/workspaceSTM32/STM32_FreeRTOS_Queue_Procesing/Third-Party/FreeRTOS/org/Source/include" -I"C:/Users/Asus/Documents/GitHub/workspaceSTM32/STM32_FreeRTOS_Queue_Procesing/Third-Party/SEGGER/Config" -I"C:/Users/Asus/Documents/GitHub/workspaceSTM32/STM32_FreeRTOS_Queue_Procesing/Third-Party/SEGGER/OS" -I"C:/Users/Asus/Documents/GitHub/workspaceSTM32/STM32_FreeRTOS_Queue_Procesing/Third-Party/SEGGER/SEGGER" -I"C:/Users/Asus/Documents/GitHub/workspaceSTM32/STM32_FreeRTOS_Queue_Procesing/Third-Party/FreeRTOS/org/Source/portable/GCC/ARM_CM4F" -I"C:/Users/Asus/Documents/GitHub/workspaceSTM32/STM32_FreeRTOS_Queue_Procesing/StdPeriph_Driver/inc" -I"C:/Users/Asus/Documents/GitHub/workspaceSTM32/STM32_FreeRTOS_Queue_Procesing/inc" -I"C:/Users/Asus/Documents/GitHub/workspaceSTM32/STM32_FreeRTOS_Queue_Procesing/CMSIS/device" -I"C:/Users/Asus/Documents/GitHub/workspaceSTM32/STM32_FreeRTOS_Queue_Procesing/CMSIS/core" -O0 -g3 -Wall -fmessage-length=0 -ffunction-sections -c -MMD -MP -MF"Third-Party/FreeRTOS/org/Source/stream_buffer.d" -MT"Third-Party/FreeRTOS/org/Source/stream_buffer.o" -o "Third-Party/FreeRTOS/org/Source/stream_buffer.o" "../Third-Party/FreeRTOS/org/Source/stream_buffer.c"
Finished building: ../Third-Party/FreeRTOS/org/Source/list.c
 
Building file: ../Third-Party/FreeRTOS/org/Source/tasks.c
Finished building: ../Third-Party/FreeRTOS/org/Source/queue.c
Invoking: MCU GCC Compiler
 
C:\Users\Asus\Documents\GitHub\workspaceSTM32\STM32_FreeRTOS_Queue_Procesing\Debug
arm-none-eabi-gcc -mcpu=cortex-m4 -mthumb -mfloat-abi=hard -mfpu=fpv4-sp-d16 -DSTM32 -DSTM32F3 -DSTM32F30 -DSTM32F303VCTx -DSTM32F3DISCOVERY -DDEBUG -DSTM32F303xC -DUSE_STDPERIPH_DRIVER -I"C:/Users/Asus/Documents/GitHub/workspaceSTM32/STM32_FreeRTOS_Queue_Procesing/Utilities" -I"C:/Users/Asus/Documents/GitHub/workspaceSTM32/STM32_FreeRTOS_Queue_Procesing/Config" -I"C:/Users/Asus/Documents/GitHub/workspaceSTM32/STM32_FreeRTOS_Queue_Procesing/Third-Party/FreeRTOS/org/Source/include" -I"C:/Users/Asus/Documents/GitHub/workspaceSTM32/STM32_FreeRTOS_Queue_Procesing/Third-Party/SEGGER/Config" -I"C:/Users/Asus/Documents/GitHub/workspaceSTM32/STM32_FreeRTOS_Queue_Procesing/Third-Party/SEGGER/OS" -I"C:/Users/Asus/Documents/GitHub/workspaceSTM32/STM32_FreeRTOS_Queue_Procesing/Third-Party/SEGGER/SEGGER" -I"C:/Users/Asus/Documents/GitHub/workspaceSTM32/STM32_FreeRTOS_Queue_Procesing/Third-Party/FreeRTOS/org/Source/portable/GCC/ARM_CM4F" -I"C:/Users/Asus/Documents/GitHub/workspaceSTM32/STM32_FreeRTOS_Queue_Procesing/StdPeriph_Driver/inc" -I"C:/Users/Asus/Documents/GitHub/workspaceSTM32/STM32_FreeRTOS_Queue_Procesing/inc" -I"C:/Users/Asus/Documents/GitHub/workspaceSTM32/STM32_FreeRTOS_Queue_Procesing/CMSIS/device" -I"C:/Users/Asus/Documents/GitHub/workspaceSTM32/STM32_FreeRTOS_Queue_Procesing/CMSIS/core" -O0 -g3 -Wall -fmessage-length=0 -ffunction-sections -c -MMD -MP -MF"Third-Party/FreeRTOS/org/Source/tasks.d" -MT"Third-Party/FreeRTOS/org/Source/tasks.o" -o "Third-Party/FreeRTOS/org/Source/tasks.o" "../Third-Party/FreeRTOS/org/Source/tasks.c"
Building file: ../Third-Party/FreeRTOS/org/Source/timers.c
Invoking: MCU GCC Compiler
Building file: ../StdPeriph_Driver/src/stm32f30x_adc.c
C:\Users\Asus\Documents\GitHub\workspaceSTM32\STM32_FreeRTOS_Queue_Procesing\Debug
arm-none-eabi-gcc -mcpu=cortex-m4 -mthumb -mfloat-abi=hard -mfpu=fpv4-sp-d16 -DSTM32 -DSTM32F3 -DSTM32F30 -DSTM32F303VCTx -DSTM32F3DISCOVERY -DDEBUG -DSTM32F303xC -DUSE_STDPERIPH_DRIVER -I"C:/Users/Asus/Documents/GitHub/workspaceSTM32/STM32_FreeRTOS_Queue_Procesing/Utilities" -I"C:/Users/Asus/Documents/GitHub/workspaceSTM32/STM32_FreeRTOS_Queue_Procesing/Config" -I"C:/Users/Asus/Documents/GitHub/workspaceSTM32/STM32_FreeRTOS_Queue_Procesing/Third-Party/FreeRTOS/org/Source/include" -I"C:/Users/Asus/Documents/GitHub/workspaceSTM32/STM32_FreeRTOS_Queue_Procesing/Third-Party/SEGGER/Config" -I"C:/Users/Asus/Documents/GitHub/workspaceSTM32/STM32_FreeRTOS_Queue_Procesing/Third-Party/SEGGER/OS" -I"C:/Users/Asus/Documents/GitHub/workspaceSTM32/STM32_FreeRTOS_Queue_Procesing/Third-Party/SEGGER/SEGGER" -I"C:/Users/Asus/Documents/GitHub/workspaceSTM32/STM32_FreeRTOS_Queue_Procesing/Third-Party/FreeRTOS/org/Source/portable/GCC/ARM_CM4F" -I"C:/Users/Asus/Documents/GitHub/workspaceSTM32/STM32_FreeRTOS_Queue_Procesing/StdPeriph_Driver/inc" -I"C:/Users/Asus/Documents/GitHub/workspaceSTM32/STM32_FreeRTOS_Queue_Procesing/inc" -I"C:/Users/Asus/Documents/GitHub/workspaceSTM32/STM32_FreeRTOS_Queue_Procesing/CMSIS/device" -I"C:/Users/Asus/Documents/GitHub/workspaceSTM32/STM32_FreeRTOS_Queue_Procesing/CMSIS/core" -O0 -g3 -Wall -fmessage-length=0 -ffunction-sections -c -MMD -MP -MF"Third-Party/FreeRTOS/org/Source/timers.d" -MT"Third-Party/FreeRTOS/org/Source/timers.o" -o "Third-Party/FreeRTOS/org/Source/timers.o" "../Third-Party/FreeRTOS/org/Source/timers.c"
Invoking: MCU GCC Compiler
Finished building: ../Third-Party/FreeRTOS/org/Source/stream_buffer.c
C:\Users\Asus\Documents\GitHub\workspaceSTM32\STM32_FreeRTOS_Queue_Procesing\Debug
arm-none-eabi-gcc -mcpu=cortex-m4 -mthumb -mfloat-abi=hard -mfpu=fpv4-sp-d16 -DSTM32 -DSTM32F3 -DSTM32F30 -DSTM32F303VCTx -DSTM32F3DISCOVERY -DDEBUG -DSTM32F303xC -DUSE_STDPERIPH_DRIVER -I"C:/Users/Asus/Documents/GitHub/workspaceSTM32/STM32_FreeRTOS_Queue_Procesing/Utilities" -I"C:/Users/Asus/Documents/GitHub/workspaceSTM32/STM32_FreeRTOS_Queue_Procesing/Config" -I"C:/Users/Asus/Documents/GitHub/workspaceSTM32/STM32_FreeRTOS_Queue_Procesing/Third-Party/FreeRTOS/org/Source/include" -I"C:/Users/Asus/Documents/GitHub/workspaceSTM32/STM32_FreeRTOS_Queue_Procesing/Third-Party/SEGGER/Config" -I"C:/Users/Asus/Documents/GitHub/workspaceSTM32/STM32_FreeRTOS_Queue_Procesing/Third-Party/SEGGER/OS" -I"C:/Users/Asus/Documents/GitHub/workspaceSTM32/STM32_FreeRTOS_Queue_Procesing/Third-Party/SEGGER/SEGGER" -I"C:/Users/Asus/Documents/GitHub/workspaceSTM32/STM32_FreeRTOS_Queue_Procesing/Third-Party/FreeRTOS/org/Source/portable/GCC/ARM_CM4F" -I"C:/Users/Asus/Documents/GitHub/workspaceSTM32/STM32_FreeRTOS_Queue_Procesing/StdPeriph_Driver/inc" -I"C:/Users/Asus/Documents/GitHub/workspaceSTM32/STM32_FreeRTOS_Queue_Procesing/inc" -I"C:/Users/Asus/Documents/GitHub/workspaceSTM32/STM32_FreeRTOS_Queue_Procesing/CMSIS/device" -I"C:/Users/Asus/Documents/GitHub/workspaceSTM32/STM32_FreeRTOS_Queue_Procesing/CMSIS/core" -O0 -g3 -Wall -fmessage-length=0 -ffunction-sections -c -MMD -MP -MF"StdPeriph_Driver/src/stm32f30x_adc.d" -MT"StdPeriph_Driver/src/stm32f30x_adc.o" -o "StdPeriph_Driver/src/stm32f30x_adc.o" "../StdPeriph_Driver/src/stm32f30x_adc.c"
 
Building file: ../StdPeriph_Driver/src/stm32f30x_can.c
Invoking: MCU GCC Compiler
C:\Users\Asus\Documents\GitHub\workspaceSTM32\STM32_FreeRTOS_Queue_Procesing\Debug
arm-none-eabi-gcc -mcpu=cortex-m4 -mthumb -mfloat-abi=hard -mfpu=fpv4-sp-d16 -DSTM32 -DSTM32F3 -DSTM32F30 -DSTM32F303VCTx -DSTM32F3DISCOVERY -DDEBUG -DSTM32F303xC -DUSE_STDPERIPH_DRIVER -I"C:/Users/Asus/Documents/GitHub/workspaceSTM32/STM32_FreeRTOS_Queue_Procesing/Utilities" -I"C:/Users/Asus/Documents/GitHub/workspaceSTM32/STM32_FreeRTOS_Queue_Procesing/Config" -I"C:/Users/Asus/Documents/GitHub/workspaceSTM32/STM32_FreeRTOS_Queue_Procesing/Third-Party/FreeRTOS/org/Source/include" -I"C:/Users/Asus/Documents/GitHub/workspaceSTM32/STM32_FreeRTOS_Queue_Procesing/Third-Party/SEGGER/Config" -I"C:/Users/Asus/Documents/GitHub/workspaceSTM32/STM32_FreeRTOS_Queue_Procesing/Third-Party/SEGGER/OS" -I"C:/Users/Asus/Documents/GitHub/workspaceSTM32/STM32_FreeRTOS_Queue_Procesing/Third-Party/SEGGER/SEGGER" -I"C:/Users/Asus/Documents/GitHub/workspaceSTM32/STM32_FreeRTOS_Queue_Procesing/Third-Party/FreeRTOS/org/Source/portable/GCC/ARM_CM4F" -I"C:/Users/Asus/Documents/GitHub/workspaceSTM32/STM32_FreeRTOS_Queue_Procesing/StdPeriph_Driver/inc" -I"C:/Users/Asus/Documents/GitHub/workspaceSTM32/STM32_FreeRTOS_Queue_Procesing/inc" -I"C:/Users/Asus/Documents/GitHub/workspaceSTM32/STM32_FreeRTOS_Queue_Procesing/CMSIS/device" -I"C:/Users/Asus/Documents/GitHub/workspaceSTM32/STM32_FreeRTOS_Queue_Procesing/CMSIS/core" -O0 -g3 -Wall -fmessage-length=0 -ffunction-sections -c -MMD -MP -MF"StdPeriph_Driver/src/stm32f30x_can.d" -MT"StdPeriph_Driver/src/stm32f30x_can.o" -o "StdPeriph_Driver/src/stm32f30x_can.o" "../StdPeriph_Driver/src/stm32f30x_can.c"
Finished building: ../Third-Party/FreeRTOS/org/Source/tasks.c
Finished building: ../Third-Party/FreeRTOS/org/Source/timers.c
 
 
Building file: ../StdPeriph_Driver/src/stm32f30x_comp.c
Building file: ../StdPeriph_Driver/src/stm32f30x_crc.c
Invoking: MCU GCC Compiler
Invoking: MCU GCC Compiler
C:\Users\Asus\Documents\GitHub\workspaceSTM32\STM32_FreeRTOS_Queue_Procesing\Debug
C:\Users\Asus\Documents\GitHub\workspaceSTM32\STM32_FreeRTOS_Queue_Procesing\Debug
arm-none-eabi-gcc -mcpu=cortex-m4 -mthumb -mfloat-abi=hard -mfpu=fpv4-sp-d16 -DSTM32 -DSTM32F3 -DSTM32F30 -DSTM32F303VCTx -DSTM32F3DISCOVERY -DDEBUG -DSTM32F303xC -DUSE_STDPERIPH_DRIVER -I"C:/Users/Asus/Documents/GitHub/workspaceSTM32/STM32_FreeRTOS_Queue_Procesing/Utilities" -I"C:/Users/Asus/Documents/GitHub/workspaceSTM32/STM32_FreeRTOS_Queue_Procesing/Config" -I"C:/Users/Asus/Documents/GitHub/workspaceSTM32/STM32_FreeRTOS_Queue_Procesing/Third-Party/FreeRTOS/org/Source/include" -I"C:/Users/Asus/Documents/GitHub/workspaceSTM32/STM32_FreeRTOS_Queue_Procesing/Third-Party/SEGGER/Config" -I"C:/Users/Asus/Documents/GitHub/workspaceSTM32/STM32_FreeRTOS_Queue_Procesing/Third-Party/SEGGER/OS" -I"C:/Users/Asus/Documents/GitHub/workspaceSTM32/STM32_FreeRTOS_Queue_Procesing/Third-Party/SEGGER/SEGGER" -I"C:/Users/Asus/Documents/GitHub/workspaceSTM32/STM32_FreeRTOS_Queue_Procesing/Third-Party/FreeRTOS/org/Source/portable/GCC/ARM_CM4F" -I"C:/Users/Asus/Documents/GitHub/workspaceSTM32/STM32_FreeRTOS_Queue_Procesing/StdPeriph_Driver/inc" -I"C:/Users/Asus/Documents/GitHub/workspaceSTM32/STM32_FreeRTOS_Queue_Procesing/inc" -I"C:/Users/Asus/Documents/GitHub/workspaceSTM32/STM32_FreeRTOS_Queue_Procesing/CMSIS/device" -I"C:/Users/Asus/Documents/GitHub/workspaceSTM32/STM32_FreeRTOS_Queue_Procesing/CMSIS/core" -O0 -g3 -Wall -fmessage-length=0 -ffunction-sections -c -MMD -MP -MF"StdPeriph_Driver/src/stm32f30x_comp.d" -MT"StdPeriph_Driver/src/stm32f30x_comp.o" -o "StdPeriph_Driver/src/stm32f30x_comp.o" "../StdPeriph_Driver/src/stm32f30x_comp.c"
Finished building: ../StdPeriph_Driver/src/stm32f30x_adc.c
arm-none-eabi-gcc -mcpu=cortex-m4 -mthumb -mfloat-abi=hard -mfpu=fpv4-sp-d16 -DSTM32 -DSTM32F3 -DSTM32F30 -DSTM32F303VCTx -DSTM32F3DISCOVERY -DDEBUG -DSTM32F303xC -DUSE_STDPERIPH_DRIVER -I"C:/Users/Asus/Documents/GitHub/workspaceSTM32/STM32_FreeRTOS_Queue_Procesing/Utilities" -I"C:/Users/Asus/Documents/GitHub/workspaceSTM32/STM32_FreeRTOS_Queue_Procesing/Config" -I"C:/Users/Asus/Documents/GitHub/workspaceSTM32/STM32_FreeRTOS_Queue_Procesing/Third-Party/FreeRTOS/org/Source/include" -I"C:/Users/Asus/Documents/GitHub/workspaceSTM32/STM32_FreeRTOS_Queue_Procesing/Third-Party/SEGGER/Config" -I"C:/Users/Asus/Documents/GitHub/workspaceSTM32/STM32_FreeRTOS_Queue_Procesing/Third-Party/SEGGER/OS" -I"C:/Users/Asus/Documents/GitHub/workspaceSTM32/STM32_FreeRTOS_Queue_Procesing/Third-Party/SEGGER/SEGGER" -I"C:/Users/Asus/Documents/GitHub/workspaceSTM32/STM32_FreeRTOS_Queue_Procesing/Third-Party/FreeRTOS/org/Source/portable/GCC/ARM_CM4F" -I"C:/Users/Asus/Documents/GitHub/workspaceSTM32/STM32_FreeRTOS_Queue_Procesing/StdPeriph_Driver/inc" -I"C:/Users/Asus/Documents/GitHub/workspaceSTM32/STM32_FreeRTOS_Queue_Procesing/inc" -I"C:/Users/Asus/Documents/GitHub/workspaceSTM32/STM32_FreeRTOS_Queue_Procesing/CMSIS/device" -I"C:/Users/Asus/Documents/GitHub/workspaceSTM32/STM32_FreeRTOS_Queue_Procesing/CMSIS/core" -O0 -g3 -Wall -fmessage-length=0 -ffunction-sections -c -MMD -MP -MF"StdPeriph_Driver/src/stm32f30x_crc.d" -MT"StdPeriph_Driver/src/stm32f30x_crc.o" -o "StdPeriph_Driver/src/stm32f30x_crc.o" "../StdPeriph_Driver/src/stm32f30x_crc.c"
 
Building file: ../StdPeriph_Driver/src/stm32f30x_dac.c
Invoking: MCU GCC Compiler
Finished building: ../StdPeriph_Driver/src/stm32f30x_can.c
C:\Users\Asus\Documents\GitHub\workspaceSTM32\STM32_FreeRTOS_Queue_Procesing\Debug
arm-none-eabi-gcc -mcpu=cortex-m4 -mthumb -mfloat-abi=hard -mfpu=fpv4-sp-d16 -DSTM32 -DSTM32F3 -DSTM32F30 -DSTM32F303VCTx -DSTM32F3DISCOVERY -DDEBUG -DSTM32F303xC -DUSE_STDPERIPH_DRIVER -I"C:/Users/Asus/Documents/GitHub/workspaceSTM32/STM32_FreeRTOS_Queue_Procesing/Utilities" -I"C:/Users/Asus/Documents/GitHub/workspaceSTM32/STM32_FreeRTOS_Queue_Procesing/Config" -I"C:/Users/Asus/Documents/GitHub/workspaceSTM32/STM32_FreeRTOS_Queue_Procesing/Third-Party/FreeRTOS/org/Source/include" -I"C:/Users/Asus/Documents/GitHub/workspaceSTM32/STM32_FreeRTOS_Queue_Procesing/Third-Party/SEGGER/Config" -I"C:/Users/Asus/Documents/GitHub/workspaceSTM32/STM32_FreeRTOS_Queue_Procesing/Third-Party/SEGGER/OS" -I"C:/Users/Asus/Documents/GitHub/workspaceSTM32/STM32_FreeRTOS_Queue_Procesing/Third-Party/SEGGER/SEGGER" -I"C:/Users/Asus/Documents/GitHub/workspaceSTM32/STM32_FreeRTOS_Queue_Procesing/Third-Party/FreeRTOS/org/Source/portable/GCC/ARM_CM4F" -I"C:/Users/Asus/Documents/GitHub/workspaceSTM32/STM32_FreeRTOS_Queue_Procesing/StdPeriph_Driver/inc" -I"C:/Users/Asus/Documents/GitHub/workspaceSTM32/STM32_FreeRTOS_Queue_Procesing/inc" -I"C:/Users/Asus/Documents/GitHub/workspaceSTM32/STM32_FreeRTOS_Queue_Procesing/CMSIS/device" -I"C:/Users/Asus/Documents/GitHub/workspaceSTM32/STM32_FreeRTOS_Queue_Procesing/CMSIS/core" -O0 -g3 -Wall -fmessage-length=0 -ffunction-sections -c -MMD -MP -MF"StdPeriph_Driver/src/stm32f30x_dac.d" -MT"StdPeriph_Driver/src/stm32f30x_dac.o" -o "StdPeriph_Driver/src/stm32f30x_dac.o" "../StdPeriph_Driver/src/stm32f30x_dac.c"
 
Building file: ../StdPeriph_Driver/src/stm32f30x_dbgmcu.c
Invoking: MCU GCC Compiler
C:\Users\Asus\Documents\GitHub\workspaceSTM32\STM32_FreeRTOS_Queue_Procesing\Debug
arm-none-eabi-gcc -mcpu=cortex-m4 -mthumb -mfloat-abi=hard -mfpu=fpv4-sp-d16 -DSTM32 -DSTM32F3 -DSTM32F30 -DSTM32F303VCTx -DSTM32F3DISCOVERY -DDEBUG -DSTM32F303xC -DUSE_STDPERIPH_DRIVER -I"C:/Users/Asus/Documents/GitHub/workspaceSTM32/STM32_FreeRTOS_Queue_Procesing/Utilities" -I"C:/Users/Asus/Documents/GitHub/workspaceSTM32/STM32_FreeRTOS_Queue_Procesing/Config" -I"C:/Users/Asus/Documents/GitHub/workspaceSTM32/STM32_FreeRTOS_Queue_Procesing/Third-Party/FreeRTOS/org/Source/include" -I"C:/Users/Asus/Documents/GitHub/workspaceSTM32/STM32_FreeRTOS_Queue_Procesing/Third-Party/SEGGER/Config" -I"C:/Users/Asus/Documents/GitHub/workspaceSTM32/STM32_FreeRTOS_Queue_Procesing/Third-Party/SEGGER/OS" -I"C:/Users/Asus/Documents/GitHub/workspaceSTM32/STM32_FreeRTOS_Queue_Procesing/Third-Party/SEGGER/SEGGER" -I"C:/Users/Asus/Documents/GitHub/workspaceSTM32/STM32_FreeRTOS_Queue_Procesing/Third-Party/FreeRTOS/org/Source/portable/GCC/ARM_CM4F" -I"C:/Users/Asus/Documents/GitHub/workspaceSTM32/STM32_FreeRTOS_Queue_Procesing/StdPeriph_Driver/inc" -I"C:/Users/Asus/Documents/GitHub/workspaceSTM32/STM32_FreeRTOS_Queue_Procesing/inc" -I"C:/Users/Asus/Documents/GitHub/workspaceSTM32/STM32_FreeRTOS_Queue_Procesing/CMSIS/device" -I"C:/Users/Asus/Documents/GitHub/workspaceSTM32/STM32_FreeRTOS_Queue_Procesing/CMSIS/core" -O0 -g3 -Wall -fmessage-length=0 -ffunction-sections -c -MMD -MP -MF"StdPeriph_Driver/src/stm32f30x_dbgmcu.d" -MT"StdPeriph_Driver/src/stm32f30x_dbgmcu.o" -o "StdPeriph_Driver/src/stm32f30x_dbgmcu.o" "../StdPeriph_Driver/src/stm32f30x_dbgmcu.c"
Finished building: ../StdPeriph_Driver/src/stm32f30x_comp.c
Finished building: ../StdPeriph_Driver/src/stm32f30x_crc.c
 
 
Building file: ../StdPeriph_Driver/src/stm32f30x_dma.c
Building file: ../StdPeriph_Driver/src/stm32f30x_exti.c
Invoking: MCU GCC Compiler
Invoking: MCU GCC Compiler
C:\Users\Asus\Documents\GitHub\workspaceSTM32\STM32_FreeRTOS_Queue_Procesing\Debug
C:\Users\Asus\Documents\GitHub\workspaceSTM32\STM32_FreeRTOS_Queue_Procesing\Debug
Finished building: ../StdPeriph_Driver/src/stm32f30x_dbgmcu.c
arm-none-eabi-gcc -mcpu=cortex-m4 -mthumb -mfloat-abi=hard -mfpu=fpv4-sp-d16 -DSTM32 -DSTM32F3 -DSTM32F30 -DSTM32F303VCTx -DSTM32F3DISCOVERY -DDEBUG -DSTM32F303xC -DUSE_STDPERIPH_DRIVER -I"C:/Users/Asus/Documents/GitHub/workspaceSTM32/STM32_FreeRTOS_Queue_Procesing/Utilities" -I"C:/Users/Asus/Documents/GitHub/workspaceSTM32/STM32_FreeRTOS_Queue_Procesing/Config" -I"C:/Users/Asus/Documents/GitHub/workspaceSTM32/STM32_FreeRTOS_Queue_Procesing/Third-Party/FreeRTOS/org/Source/include" -I"C:/Users/Asus/Documents/GitHub/workspaceSTM32/STM32_FreeRTOS_Queue_Procesing/Third-Party/SEGGER/Config" -I"C:/Users/Asus/Documents/GitHub/workspaceSTM32/STM32_FreeRTOS_Queue_Procesing/Third-Party/SEGGER/OS" -I"C:/Users/Asus/Documents/GitHub/workspaceSTM32/STM32_FreeRTOS_Queue_Procesing/Third-Party/SEGGER/SEGGER" -I"C:/Users/Asus/Documents/GitHub/workspaceSTM32/STM32_FreeRTOS_Queue_Procesing/Third-Party/FreeRTOS/org/Source/portable/GCC/ARM_CM4F" -I"C:/Users/Asus/Documents/GitHub/workspaceSTM32/STM32_FreeRTOS_Queue_Procesing/StdPeriph_Driver/inc" -I"C:/Users/Asus/Documents/GitHub/workspaceSTM32/STM32_FreeRTOS_Queue_Procesing/inc" -I"C:/Users/Asus/Documents/GitHub/workspaceSTM32/STM32_FreeRTOS_Queue_Procesing/CMSIS/device" -I"C:/Users/Asus/Documents/GitHub/workspaceSTM32/STM32_FreeRTOS_Queue_Procesing/CMSIS/core" -O0 -g3 -Wall -fmessage-length=0 -ffunction-sections -c -MMD -MP -MF"StdPeriph_Driver/src/stm32f30x_dma.d" -MT"StdPeriph_Driver/src/stm32f30x_dma.o" -o "StdPeriph_Driver/src/stm32f30x_dma.o" "../StdPeriph_Driver/src/stm32f30x_dma.c"
Finished building: ../StdPeriph_Driver/src/stm32f30x_dac.c
arm-none-eabi-gcc -mcpu=cortex-m4 -mthumb -mfloat-abi=hard -mfpu=fpv4-sp-d16 -DSTM32 -DSTM32F3 -DSTM32F30 -DSTM32F303VCTx -DSTM32F3DISCOVERY -DDEBUG -DSTM32F303xC -DUSE_STDPERIPH_DRIVER -I"C:/Users/Asus/Documents/GitHub/workspaceSTM32/STM32_FreeRTOS_Queue_Procesing/Utilities" -I"C:/Users/Asus/Documents/GitHub/workspaceSTM32/STM32_FreeRTOS_Queue_Procesing/Config" -I"C:/Users/Asus/Documents/GitHub/workspaceSTM32/STM32_FreeRTOS_Queue_Procesing/Third-Party/FreeRTOS/org/Source/include" -I"C:/Users/Asus/Documents/GitHub/workspaceSTM32/STM32_FreeRTOS_Queue_Procesing/Third-Party/SEGGER/Config" -I"C:/Users/Asus/Documents/GitHub/workspaceSTM32/STM32_FreeRTOS_Queue_Procesing/Third-Party/SEGGER/OS" -I"C:/Users/Asus/Documents/GitHub/workspaceSTM32/STM32_FreeRTOS_Queue_Procesing/Third-Party/SEGGER/SEGGER" -I"C:/Users/Asus/Documents/GitHub/workspaceSTM32/STM32_FreeRTOS_Queue_Procesing/Third-Party/FreeRTOS/org/Source/portable/GCC/ARM_CM4F" -I"C:/Users/Asus/Documents/GitHub/workspaceSTM32/STM32_FreeRTOS_Queue_Procesing/StdPeriph_Driver/inc" -I"C:/Users/Asus/Documents/GitHub/workspaceSTM32/STM32_FreeRTOS_Queue_Procesing/inc" -I"C:/Users/Asus/Documents/GitHub/workspaceSTM32/STM32_FreeRTOS_Queue_Procesing/CMSIS/device" -I"C:/Users/Asus/Documents/GitHub/workspaceSTM32/STM32_FreeRTOS_Queue_Procesing/CMSIS/core" -O0 -g3 -Wall -fmessage-length=0 -ffunction-sections -c -MMD -MP -MF"StdPeriph_Driver/src/stm32f30x_exti.d" -MT"StdPeriph_Driver/src/stm32f30x_exti.o" -o "StdPeriph_Driver/src/stm32f30x_exti.o" "../StdPeriph_Driver/src/stm32f30x_exti.c"
 
 
Building file: ../StdPeriph_Driver/src/stm32f30x_flash.c
Building file: ../StdPeriph_Driver/src/stm32f30x_gpio.c
Invoking: MCU GCC Compiler
Invoking: MCU GCC Compiler
C:\Users\Asus\Documents\GitHub\workspaceSTM32\STM32_FreeRTOS_Queue_Procesing\Debug
arm-none-eabi-gcc -mcpu=cortex-m4 -mthumb -mfloat-abi=hard -mfpu=fpv4-sp-d16 -DSTM32 -DSTM32F3 -DSTM32F30 -DSTM32F303VCTx -DSTM32F3DISCOVERY -DDEBUG -DSTM32F303xC -DUSE_STDPERIPH_DRIVER -I"C:/Users/Asus/Documents/GitHub/workspaceSTM32/STM32_FreeRTOS_Queue_Procesing/Utilities" -I"C:/Users/Asus/Documents/GitHub/workspaceSTM32/STM32_FreeRTOS_Queue_Procesing/Config" -I"C:/Users/Asus/Documents/GitHub/workspaceSTM32/STM32_FreeRTOS_Queue_Procesing/Third-Party/FreeRTOS/org/Source/include" -I"C:/Users/Asus/Documents/GitHub/workspaceSTM32/STM32_FreeRTOS_Queue_Procesing/Third-Party/SEGGER/Config" -I"C:/Users/Asus/Documents/GitHub/workspaceSTM32/STM32_FreeRTOS_Queue_Procesing/Third-Party/SEGGER/OS" -I"C:/Users/Asus/Documents/GitHub/workspaceSTM32/STM32_FreeRTOS_Queue_Procesing/Third-Party/SEGGER/SEGGER" -I"C:/Users/Asus/Documents/GitHub/workspaceSTM32/STM32_FreeRTOS_Queue_Procesing/Third-Party/FreeRTOS/org/Source/portable/GCC/ARM_CM4F" -I"C:/Users/Asus/Documents/GitHub/workspaceSTM32/STM32_FreeRTOS_Queue_Procesing/StdPeriph_Driver/inc" -I"C:/Users/Asus/Documents/GitHub/workspaceSTM32/STM32_FreeRTOS_Queue_Procesing/inc" -I"C:/Users/Asus/Documents/GitHub/workspaceSTM32/STM32_FreeRTOS_Queue_Procesing/CMSIS/device" -I"C:/Users/Asus/Documents/GitHub/workspaceSTM32/STM32_FreeRTOS_Queue_Procesing/CMSIS/core" -O0 -g3 -Wall -fmessage-length=0 -ffunction-sections -c -MMD -MP -MF"StdPeriph_Driver/src/stm32f30x_flash.d" -MT"StdPeriph_Driver/src/stm32f30x_flash.o" -o "StdPeriph_Driver/src/stm32f30x_flash.o" "../StdPeriph_Driver/src/stm32f30x_flash.c"
C:\Users\Asus\Documents\GitHub\workspaceSTM32\STM32_FreeRTOS_Queue_Procesing\Debug
arm-none-eabi-gcc -mcpu=cortex-m4 -mthumb -mfloat-abi=hard -mfpu=fpv4-sp-d16 -DSTM32 -DSTM32F3 -DSTM32F30 -DSTM32F303VCTx -DSTM32F3DISCOVERY -DDEBUG -DSTM32F303xC -DUSE_STDPERIPH_DRIVER -I"C:/Users/Asus/Documents/GitHub/workspaceSTM32/STM32_FreeRTOS_Queue_Procesing/Utilities" -I"C:/Users/Asus/Documents/GitHub/workspaceSTM32/STM32_FreeRTOS_Queue_Procesing/Config" -I"C:/Users/Asus/Documents/GitHub/workspaceSTM32/STM32_FreeRTOS_Queue_Procesing/Third-Party/FreeRTOS/org/Source/include" -I"C:/Users/Asus/Documents/GitHub/workspaceSTM32/STM32_FreeRTOS_Queue_Procesing/Third-Party/SEGGER/Config" -I"C:/Users/Asus/Documents/GitHub/workspaceSTM32/STM32_FreeRTOS_Queue_Procesing/Third-Party/SEGGER/OS" -I"C:/Users/Asus/Documents/GitHub/workspaceSTM32/STM32_FreeRTOS_Queue_Procesing/Third-Party/SEGGER/SEGGER" -I"C:/Users/Asus/Documents/GitHub/workspaceSTM32/STM32_FreeRTOS_Queue_Procesing/Third-Party/FreeRTOS/org/Source/portable/GCC/ARM_CM4F" -I"C:/Users/Asus/Documents/GitHub/workspaceSTM32/STM32_FreeRTOS_Queue_Procesing/StdPeriph_Driver/inc" -I"C:/Users/Asus/Documents/GitHub/workspaceSTM32/STM32_FreeRTOS_Queue_Procesing/inc" -I"C:/Users/Asus/Documents/GitHub/workspaceSTM32/STM32_FreeRTOS_Queue_Procesing/CMSIS/device" -I"C:/Users/Asus/Documents/GitHub/workspaceSTM32/STM32_FreeRTOS_Queue_Procesing/CMSIS/core" -O0 -g3 -Wall -fmessage-length=0 -ffunction-sections -c -MMD -MP -MF"StdPeriph_Driver/src/stm32f30x_gpio.d" -MT"StdPeriph_Driver/src/stm32f30x_gpio.o" -o "StdPeriph_Driver/src/stm32f30x_gpio.o" "../StdPeriph_Driver/src/stm32f30x_gpio.c"
Finished building: ../StdPeriph_Driver/src/stm32f30x_exti.c
 
Finished building: ../StdPeriph_Driver/src/stm32f30x_dma.c
Building file: ../StdPeriph_Driver/src/stm32f30x_i2c.c
 
Invoking: MCU GCC Compiler
Building file: ../StdPeriph_Driver/src/stm32f30x_iwdg.c
C:\Users\Asus\Documents\GitHub\workspaceSTM32\STM32_FreeRTOS_Queue_Procesing\Debug
arm-none-eabi-gcc -mcpu=cortex-m4 -mthumb -mfloat-abi=hard -mfpu=fpv4-sp-d16 -DSTM32 -DSTM32F3 -DSTM32F30 -DSTM32F303VCTx -DSTM32F3DISCOVERY -DDEBUG -DSTM32F303xC -DUSE_STDPERIPH_DRIVER -I"C:/Users/Asus/Documents/GitHub/workspaceSTM32/STM32_FreeRTOS_Queue_Procesing/Utilities" -I"C:/Users/Asus/Documents/GitHub/workspaceSTM32/STM32_FreeRTOS_Queue_Procesing/Config" -I"C:/Users/Asus/Documents/GitHub/workspaceSTM32/STM32_FreeRTOS_Queue_Procesing/Third-Party/FreeRTOS/org/Source/include" -I"C:/Users/Asus/Documents/GitHub/workspaceSTM32/STM32_FreeRTOS_Queue_Procesing/Third-Party/SEGGER/Config" -I"C:/Users/Asus/Documents/GitHub/workspaceSTM32/STM32_FreeRTOS_Queue_Procesing/Third-Party/SEGGER/OS" -I"C:/Users/Asus/Documents/GitHub/workspaceSTM32/STM32_FreeRTOS_Queue_Procesing/Third-Party/SEGGER/SEGGER" -I"C:/Users/Asus/Documents/GitHub/workspaceSTM32/STM32_FreeRTOS_Queue_Procesing/Third-Party/FreeRTOS/org/Source/portable/GCC/ARM_CM4F" -I"C:/Users/Asus/Documents/GitHub/workspaceSTM32/STM32_FreeRTOS_Queue_Procesing/StdPeriph_Driver/inc" -I"C:/Users/Asus/Documents/GitHub/workspaceSTM32/STM32_FreeRTOS_Queue_Procesing/inc" -I"C:/Users/Asus/Documents/GitHub/workspaceSTM32/STM32_FreeRTOS_Queue_Procesing/CMSIS/device" -I"C:/Users/Asus/Documents/GitHub/workspaceSTM32/STM32_FreeRTOS_Queue_Procesing/CMSIS/core" -O0 -g3 -Wall -fmessage-length=0 -ffunction-sections -c -MMD -MP -MF"StdPeriph_Driver/src/stm32f30x_i2c.d" -MT"StdPeriph_Driver/src/stm32f30x_i2c.o" -o "StdPeriph_Driver/src/stm32f30x_i2c.o" "../StdPeriph_Driver/src/stm32f30x_i2c.c"
Invoking: MCU GCC Compiler
C:\Users\Asus\Documents\GitHub\workspaceSTM32\STM32_FreeRTOS_Queue_Procesing\Debug
arm-none-eabi-gcc -mcpu=cortex-m4 -mthumb -mfloat-abi=hard -mfpu=fpv4-sp-d16 -DSTM32 -DSTM32F3 -DSTM32F30 -DSTM32F303VCTx -DSTM32F3DISCOVERY -DDEBUG -DSTM32F303xC -DUSE_STDPERIPH_DRIVER -I"C:/Users/Asus/Documents/GitHub/workspaceSTM32/STM32_FreeRTOS_Queue_Procesing/Utilities" -I"C:/Users/Asus/Documents/GitHub/workspaceSTM32/STM32_FreeRTOS_Queue_Procesing/Config" -I"C:/Users/Asus/Documents/GitHub/workspaceSTM32/STM32_FreeRTOS_Queue_Procesing/Third-Party/FreeRTOS/org/Source/include" -I"C:/Users/Asus/Documents/GitHub/workspaceSTM32/STM32_FreeRTOS_Queue_Procesing/Third-Party/SEGGER/Config" -I"C:/Users/Asus/Documents/GitHub/workspaceSTM32/STM32_FreeRTOS_Queue_Procesing/Third-Party/SEGGER/OS" -I"C:/Users/Asus/Documents/GitHub/workspaceSTM32/STM32_FreeRTOS_Queue_Procesing/Third-Party/SEGGER/SEGGER" -I"C:/Users/Asus/Documents/GitHub/workspaceSTM32/STM32_FreeRTOS_Queue_Procesing/Third-Party/FreeRTOS/org/Source/portable/GCC/ARM_CM4F" -I"C:/Users/Asus/Documents/GitHub/workspaceSTM32/STM32_FreeRTOS_Queue_Procesing/StdPeriph_Driver/inc" -I"C:/Users/Asus/Documents/GitHub/workspaceSTM32/STM32_FreeRTOS_Queue_Procesing/inc" -I"C:/Users/Asus/Documents/GitHub/workspaceSTM32/STM32_FreeRTOS_Queue_Procesing/CMSIS/device" -I"C:/Users/Asus/Documents/GitHub/workspaceSTM32/STM32_FreeRTOS_Queue_Procesing/CMSIS/core" -O0 -g3 -Wall -fmessage-length=0 -ffunction-sections -c -MMD -MP -MF"StdPeriph_Driver/src/stm32f30x_iwdg.d" -MT"StdPeriph_Driver/src/stm32f30x_iwdg.o" -o "StdPeriph_Driver/src/stm32f30x_iwdg.o" "../StdPeriph_Driver/src/stm32f30x_iwdg.c"
Finished building: ../StdPeriph_Driver/src/stm32f30x_flash.c
Finished building: ../StdPeriph_Driver/src/stm32f30x_gpio.c
 
 
Building file: ../StdPeriph_Driver/src/stm32f30x_misc.c
Building file: ../StdPeriph_Driver/src/stm32f30x_opamp.c
Invoking: MCU GCC Compiler
Invoking: MCU GCC Compiler
C:\Users\Asus\Documents\GitHub\workspaceSTM32\STM32_FreeRTOS_Queue_Procesing\Debug
C:\Users\Asus\Documents\GitHub\workspaceSTM32\STM32_FreeRTOS_Queue_Procesing\Debug
arm-none-eabi-gcc -mcpu=cortex-m4 -mthumb -mfloat-abi=hard -mfpu=fpv4-sp-d16 -DSTM32 -DSTM32F3 -DSTM32F30 -DSTM32F303VCTx -DSTM32F3DISCOVERY -DDEBUG -DSTM32F303xC -DUSE_STDPERIPH_DRIVER -I"C:/Users/Asus/Documents/GitHub/workspaceSTM32/STM32_FreeRTOS_Queue_Procesing/Utilities" -I"C:/Users/Asus/Documents/GitHub/workspaceSTM32/STM32_FreeRTOS_Queue_Procesing/Config" -I"C:/Users/Asus/Documents/GitHub/workspaceSTM32/STM32_FreeRTOS_Queue_Procesing/Third-Party/FreeRTOS/org/Source/include" -I"C:/Users/Asus/Documents/GitHub/workspaceSTM32/STM32_FreeRTOS_Queue_Procesing/Third-Party/SEGGER/Config" -I"C:/Users/Asus/Documents/GitHub/workspaceSTM32/STM32_FreeRTOS_Queue_Procesing/Third-Party/SEGGER/OS" -I"C:/Users/Asus/Documents/GitHub/workspaceSTM32/STM32_FreeRTOS_Queue_Procesing/Third-Party/SEGGER/SEGGER" -I"C:/Users/Asus/Documents/GitHub/workspaceSTM32/STM32_FreeRTOS_Queue_Procesing/Third-Party/FreeRTOS/org/Source/portable/GCC/ARM_CM4F" -I"C:/Users/Asus/Documents/GitHub/workspaceSTM32/STM32_FreeRTOS_Queue_Procesing/StdPeriph_Driver/inc" -I"C:/Users/Asus/Documents/GitHub/workspaceSTM32/STM32_FreeRTOS_Queue_Procesing/inc" -I"C:/Users/Asus/Documents/GitHub/workspaceSTM32/STM32_FreeRTOS_Queue_Procesing/CMSIS/device" -I"C:/Users/Asus/Documents/GitHub/workspaceSTM32/STM32_FreeRTOS_Queue_Procesing/CMSIS/core" -O0 -g3 -Wall -fmessage-length=0 -ffunction-sections -c -MMD -MP -MF"StdPeriph_Driver/src/stm32f30x_misc.d" -MT"StdPeriph_Driver/src/stm32f30x_misc.o" -o "StdPeriph_Driver/src/stm32f30x_misc.o" "../StdPeriph_Driver/src/stm32f30x_misc.c"
Finished building: ../StdPeriph_Driver/src/stm32f30x_i2c.c
arm-none-eabi-gcc -mcpu=cortex-m4 -mthumb -mfloat-abi=hard -mfpu=fpv4-sp-d16 -DSTM32 -DSTM32F3 -DSTM32F30 -DSTM32F303VCTx -DSTM32F3DISCOVERY -DDEBUG -DSTM32F303xC -DUSE_STDPERIPH_DRIVER -I"C:/Users/Asus/Documents/GitHub/workspaceSTM32/STM32_FreeRTOS_Queue_Procesing/Utilities" -I"C:/Users/Asus/Documents/GitHub/workspaceSTM32/STM32_FreeRTOS_Queue_Procesing/Config" -I"C:/Users/Asus/Documents/GitHub/workspaceSTM32/STM32_FreeRTOS_Queue_Procesing/Third-Party/FreeRTOS/org/Source/include" -I"C:/Users/Asus/Documents/GitHub/workspaceSTM32/STM32_FreeRTOS_Queue_Procesing/Third-Party/SEGGER/Config" -I"C:/Users/Asus/Documents/GitHub/workspaceSTM32/STM32_FreeRTOS_Queue_Procesing/Third-Party/SEGGER/OS" -I"C:/Users/Asus/Documents/GitHub/workspaceSTM32/STM32_FreeRTOS_Queue_Procesing/Third-Party/SEGGER/SEGGER" -I"C:/Users/Asus/Documents/GitHub/workspaceSTM32/STM32_FreeRTOS_Queue_Procesing/Third-Party/FreeRTOS/org/Source/portable/GCC/ARM_CM4F" -I"C:/Users/Asus/Documents/GitHub/workspaceSTM32/STM32_FreeRTOS_Queue_Procesing/StdPeriph_Driver/inc" -I"C:/Users/Asus/Documents/GitHub/workspaceSTM32/STM32_FreeRTOS_Queue_Procesing/inc" -I"C:/Users/Asus/Documents/GitHub/workspaceSTM32/STM32_FreeRTOS_Queue_Procesing/CMSIS/device" -I"C:/Users/Asus/Documents/GitHub/workspaceSTM32/STM32_FreeRTOS_Queue_Procesing/CMSIS/core" -O0 -g3 -Wall -fmessage-length=0 -ffunction-sections -c -MMD -MP -MF"StdPeriph_Driver/src/stm32f30x_opamp.d" -MT"StdPeriph_Driver/src/stm32f30x_opamp.o" -o "StdPeriph_Driver/src/stm32f30x_opamp.o" "../StdPeriph_Driver/src/stm32f30x_opamp.c"
 
Finished building: ../StdPeriph_Driver/src/stm32f30x_iwdg.c
Building file: ../StdPeriph_Driver/src/stm32f30x_pwr.c
 
Invoking: MCU GCC Compiler
Building file: ../StdPeriph_Driver/src/stm32f30x_rcc.c
C:\Users\Asus\Documents\GitHub\workspaceSTM32\STM32_FreeRTOS_Queue_Procesing\Debug
arm-none-eabi-gcc -mcpu=cortex-m4 -mthumb -mfloat-abi=hard -mfpu=fpv4-sp-d16 -DSTM32 -DSTM32F3 -DSTM32F30 -DSTM32F303VCTx -DSTM32F3DISCOVERY -DDEBUG -DSTM32F303xC -DUSE_STDPERIPH_DRIVER -I"C:/Users/Asus/Documents/GitHub/workspaceSTM32/STM32_FreeRTOS_Queue_Procesing/Utilities" -I"C:/Users/Asus/Documents/GitHub/workspaceSTM32/STM32_FreeRTOS_Queue_Procesing/Config" -I"C:/Users/Asus/Documents/GitHub/workspaceSTM32/STM32_FreeRTOS_Queue_Procesing/Third-Party/FreeRTOS/org/Source/include" -I"C:/Users/Asus/Documents/GitHub/workspaceSTM32/STM32_FreeRTOS_Queue_Procesing/Third-Party/SEGGER/Config" -I"C:/Users/Asus/Documents/GitHub/workspaceSTM32/STM32_FreeRTOS_Queue_Procesing/Third-Party/SEGGER/OS" -I"C:/Users/Asus/Documents/GitHub/workspaceSTM32/STM32_FreeRTOS_Queue_Procesing/Third-Party/SEGGER/SEGGER" -I"C:/Users/Asus/Documents/GitHub/workspaceSTM32/STM32_FreeRTOS_Queue_Procesing/Third-Party/FreeRTOS/org/Source/portable/GCC/ARM_CM4F" -I"C:/Users/Asus/Documents/GitHub/workspaceSTM32/STM32_FreeRTOS_Queue_Procesing/StdPeriph_Driver/inc" -I"C:/Users/Asus/Documents/GitHub/workspaceSTM32/STM32_FreeRTOS_Queue_Procesing/inc" -I"C:/Users/Asus/Documents/GitHub/workspaceSTM32/STM32_FreeRTOS_Queue_Procesing/CMSIS/device" -I"C:/Users/Asus/Documents/GitHub/workspaceSTM32/STM32_FreeRTOS_Queue_Procesing/CMSIS/core" -O0 -g3 -Wall -fmessage-length=0 -ffunction-sections -c -MMD -MP -MF"StdPeriph_Driver/src/stm32f30x_pwr.d" -MT"StdPeriph_Driver/src/stm32f30x_pwr.o" -o "StdPeriph_Driver/src/stm32f30x_pwr.o" "../StdPeriph_Driver/src/stm32f30x_pwr.c"
Invoking: MCU GCC Compiler
C:\Users\Asus\Documents\GitHub\workspaceSTM32\STM32_FreeRTOS_Queue_Procesing\Debug
arm-none-eabi-gcc -mcpu=cortex-m4 -mthumb -mfloat-abi=hard -mfpu=fpv4-sp-d16 -DSTM32 -DSTM32F3 -DSTM32F30 -DSTM32F303VCTx -DSTM32F3DISCOVERY -DDEBUG -DSTM32F303xC -DUSE_STDPERIPH_DRIVER -I"C:/Users/Asus/Documents/GitHub/workspaceSTM32/STM32_FreeRTOS_Queue_Procesing/Utilities" -I"C:/Users/Asus/Documents/GitHub/workspaceSTM32/STM32_FreeRTOS_Queue_Procesing/Config" -I"C:/Users/Asus/Documents/GitHub/workspaceSTM32/STM32_FreeRTOS_Queue_Procesing/Third-Party/FreeRTOS/org/Source/include" -I"C:/Users/Asus/Documents/GitHub/workspaceSTM32/STM32_FreeRTOS_Queue_Procesing/Third-Party/SEGGER/Config" -I"C:/Users/Asus/Documents/GitHub/workspaceSTM32/STM32_FreeRTOS_Queue_Procesing/Third-Party/SEGGER/OS" -I"C:/Users/Asus/Documents/GitHub/workspaceSTM32/STM32_FreeRTOS_Queue_Procesing/Third-Party/SEGGER/SEGGER" -I"C:/Users/Asus/Documents/GitHub/workspaceSTM32/STM32_FreeRTOS_Queue_Procesing/Third-Party/FreeRTOS/org/Source/portable/GCC/ARM_CM4F" -I"C:/Users/Asus/Documents/GitHub/workspaceSTM32/STM32_FreeRTOS_Queue_Procesing/StdPeriph_Driver/inc" -I"C:/Users/Asus/Documents/GitHub/workspaceSTM32/STM32_FreeRTOS_Queue_Procesing/inc" -I"C:/Users/Asus/Documents/GitHub/workspaceSTM32/STM32_FreeRTOS_Queue_Procesing/CMSIS/device" -I"C:/Users/Asus/Documents/GitHub/workspaceSTM32/STM32_FreeRTOS_Queue_Procesing/CMSIS/core" -O0 -g3 -Wall -fmessage-length=0 -ffunction-sections -c -MMD -MP -MF"StdPeriph_Driver/src/stm32f30x_rcc.d" -MT"StdPeriph_Driver/src/stm32f30x_rcc.o" -o "StdPeriph_Driver/src/stm32f30x_rcc.o" "../StdPeriph_Driver/src/stm32f30x_rcc.c"
Finished building: ../StdPeriph_Driver/src/stm32f30x_misc.c
 
Building file: ../StdPeriph_Driver/src/stm32f30x_rtc.c
Invoking: MCU GCC Compiler
Finished building: ../StdPeriph_Driver/src/stm32f30x_opamp.c
C:\Users\Asus\Documents\GitHub\workspaceSTM32\STM32_FreeRTOS_Queue_Procesing\Debug
arm-none-eabi-gcc -mcpu=cortex-m4 -mthumb -mfloat-abi=hard -mfpu=fpv4-sp-d16 -DSTM32 -DSTM32F3 -DSTM32F30 -DSTM32F303VCTx -DSTM32F3DISCOVERY -DDEBUG -DSTM32F303xC -DUSE_STDPERIPH_DRIVER -I"C:/Users/Asus/Documents/GitHub/workspaceSTM32/STM32_FreeRTOS_Queue_Procesing/Utilities" -I"C:/Users/Asus/Documents/GitHub/workspaceSTM32/STM32_FreeRTOS_Queue_Procesing/Config" -I"C:/Users/Asus/Documents/GitHub/workspaceSTM32/STM32_FreeRTOS_Queue_Procesing/Third-Party/FreeRTOS/org/Source/include" -I"C:/Users/Asus/Documents/GitHub/workspaceSTM32/STM32_FreeRTOS_Queue_Procesing/Third-Party/SEGGER/Config" -I"C:/Users/Asus/Documents/GitHub/workspaceSTM32/STM32_FreeRTOS_Queue_Procesing/Third-Party/SEGGER/OS" -I"C:/Users/Asus/Documents/GitHub/workspaceSTM32/STM32_FreeRTOS_Queue_Procesing/Third-Party/SEGGER/SEGGER" -I"C:/Users/Asus/Documents/GitHub/workspaceSTM32/STM32_FreeRTOS_Queue_Procesing/Third-Party/FreeRTOS/org/Source/portable/GCC/ARM_CM4F" -I"C:/Users/Asus/Documents/GitHub/workspaceSTM32/STM32_FreeRTOS_Queue_Procesing/StdPeriph_Driver/inc" -I"C:/Users/Asus/Documents/GitHub/workspaceSTM32/STM32_FreeRTOS_Queue_Procesing/inc" -I"C:/Users/Asus/Documents/GitHub/workspaceSTM32/STM32_FreeRTOS_Queue_Procesing/CMSIS/device" -I"C:/Users/Asus/Documents/GitHub/workspaceSTM32/STM32_FreeRTOS_Queue_Procesing/CMSIS/core" -O0 -g3 -Wall -fmessage-length=0 -ffunction-sections -c -MMD -MP -MF"StdPeriph_Driver/src/stm32f30x_rtc.d" -MT"StdPeriph_Driver/src/stm32f30x_rtc.o" -o "StdPeriph_Driver/src/stm32f30x_rtc.o" "../StdPeriph_Driver/src/stm32f30x_rtc.c"
 
Building file: ../StdPeriph_Driver/src/stm32f30x_spi.c
Finished building: ../StdPeriph_Driver/src/stm32f30x_pwr.c
Invoking: MCU GCC Compiler
 
Finished building: ../StdPeriph_Driver/src/stm32f30x_rcc.c
C:\Users\Asus\Documents\GitHub\workspaceSTM32\STM32_FreeRTOS_Queue_Procesing\Debug
arm-none-eabi-gcc -mcpu=cortex-m4 -mthumb -mfloat-abi=hard -mfpu=fpv4-sp-d16 -DSTM32 -DSTM32F3 -DSTM32F30 -DSTM32F303VCTx -DSTM32F3DISCOVERY -DDEBUG -DSTM32F303xC -DUSE_STDPERIPH_DRIVER -I"C:/Users/Asus/Documents/GitHub/workspaceSTM32/STM32_FreeRTOS_Queue_Procesing/Utilities" -I"C:/Users/Asus/Documents/GitHub/workspaceSTM32/STM32_FreeRTOS_Queue_Procesing/Config" -I"C:/Users/Asus/Documents/GitHub/workspaceSTM32/STM32_FreeRTOS_Queue_Procesing/Third-Party/FreeRTOS/org/Source/include" -I"C:/Users/Asus/Documents/GitHub/workspaceSTM32/STM32_FreeRTOS_Queue_Procesing/Third-Party/SEGGER/Config" -I"C:/Users/Asus/Documents/GitHub/workspaceSTM32/STM32_FreeRTOS_Queue_Procesing/Third-Party/SEGGER/OS" -I"C:/Users/Asus/Documents/GitHub/workspaceSTM32/STM32_FreeRTOS_Queue_Procesing/Third-Party/SEGGER/SEGGER" -I"C:/Users/Asus/Documents/GitHub/workspaceSTM32/STM32_FreeRTOS_Queue_Procesing/Third-Party/FreeRTOS/org/Source/portable/GCC/ARM_CM4F" -I"C:/Users/Asus/Documents/GitHub/workspaceSTM32/STM32_FreeRTOS_Queue_Procesing/StdPeriph_Driver/inc" -I"C:/Users/Asus/Documents/GitHub/workspaceSTM32/STM32_FreeRTOS_Queue_Procesing/inc" -I"C:/Users/Asus/Documents/GitHub/workspaceSTM32/STM32_FreeRTOS_Queue_Procesing/CMSIS/device" -I"C:/Users/Asus/Documents/GitHub/workspaceSTM32/STM32_FreeRTOS_Queue_Procesing/CMSIS/core" -O0 -g3 -Wall -fmessage-length=0 -ffunction-sections -c -MMD -MP -MF"StdPeriph_Driver/src/stm32f30x_spi.d" -MT"StdPeriph_Driver/src/stm32f30x_spi.o" -o "StdPeriph_Driver/src/stm32f30x_spi.o" "../StdPeriph_Driver/src/stm32f30x_spi.c"
 
Building file: ../StdPeriph_Driver/src/stm32f30x_syscfg.c
Building file: ../StdPeriph_Driver/src/stm32f30x_tim.c
Invoking: MCU GCC Compiler
Invoking: MCU GCC Compiler
C:\Users\Asus\Documents\GitHub\workspaceSTM32\STM32_FreeRTOS_Queue_Procesing\Debug
arm-none-eabi-gcc -mcpu=cortex-m4 -mthumb -mfloat-abi=hard -mfpu=fpv4-sp-d16 -DSTM32 -DSTM32F3 -DSTM32F30 -DSTM32F303VCTx -DSTM32F3DISCOVERY -DDEBUG -DSTM32F303xC -DUSE_STDPERIPH_DRIVER -I"C:/Users/Asus/Documents/GitHub/workspaceSTM32/STM32_FreeRTOS_Queue_Procesing/Utilities" -I"C:/Users/Asus/Documents/GitHub/workspaceSTM32/STM32_FreeRTOS_Queue_Procesing/Config" -I"C:/Users/Asus/Documents/GitHub/workspaceSTM32/STM32_FreeRTOS_Queue_Procesing/Third-Party/FreeRTOS/org/Source/include" -I"C:/Users/Asus/Documents/GitHub/workspaceSTM32/STM32_FreeRTOS_Queue_Procesing/Third-Party/SEGGER/Config" -I"C:/Users/Asus/Documents/GitHub/workspaceSTM32/STM32_FreeRTOS_Queue_Procesing/Third-Party/SEGGER/OS" -I"C:/Users/Asus/Documents/GitHub/workspaceSTM32/STM32_FreeRTOS_Queue_Procesing/Third-Party/SEGGER/SEGGER" -I"C:/Users/Asus/Documents/GitHub/workspaceSTM32/STM32_FreeRTOS_Queue_Procesing/Third-Party/FreeRTOS/org/Source/portable/GCC/ARM_CM4F" -I"C:/Users/Asus/Documents/GitHub/workspaceSTM32/STM32_FreeRTOS_Queue_Procesing/StdPeriph_Driver/inc" -I"C:/Users/Asus/Documents/GitHub/workspaceSTM32/STM32_FreeRTOS_Queue_Procesing/inc" -I"C:/Users/Asus/Documents/GitHub/workspaceSTM32/STM32_FreeRTOS_Queue_Procesing/CMSIS/device" -I"C:/Users/Asus/Documents/GitHub/workspaceSTM32/STM32_FreeRTOS_Queue_Procesing/CMSIS/core" -O0 -g3 -Wall -fmessage-length=0 -ffunction-sections -c -MMD -MP -MF"StdPeriph_Driver/src/stm32f30x_syscfg.d" -MT"StdPeriph_Driver/src/stm32f30x_syscfg.o" -o "StdPeriph_Driver/src/stm32f30x_syscfg.o" "../StdPeriph_Driver/src/stm32f30x_syscfg.c"
C:\Users\Asus\Documents\GitHub\workspaceSTM32\STM32_FreeRTOS_Queue_Procesing\Debug
arm-none-eabi-gcc -mcpu=cortex-m4 -mthumb -mfloat-abi=hard -mfpu=fpv4-sp-d16 -DSTM32 -DSTM32F3 -DSTM32F30 -DSTM32F303VCTx -DSTM32F3DISCOVERY -DDEBUG -DSTM32F303xC -DUSE_STDPERIPH_DRIVER -I"C:/Users/Asus/Documents/GitHub/workspaceSTM32/STM32_FreeRTOS_Queue_Procesing/Utilities" -I"C:/Users/Asus/Documents/GitHub/workspaceSTM32/STM32_FreeRTOS_Queue_Procesing/Config" -I"C:/Users/Asus/Documents/GitHub/workspaceSTM32/STM32_FreeRTOS_Queue_Procesing/Third-Party/FreeRTOS/org/Source/include" -I"C:/Users/Asus/Documents/GitHub/workspaceSTM32/STM32_FreeRTOS_Queue_Procesing/Third-Party/SEGGER/Config" -I"C:/Users/Asus/Documents/GitHub/workspaceSTM32/STM32_FreeRTOS_Queue_Procesing/Third-Party/SEGGER/OS" -I"C:/Users/Asus/Documents/GitHub/workspaceSTM32/STM32_FreeRTOS_Queue_Procesing/Third-Party/SEGGER/SEGGER" -I"C:/Users/Asus/Documents/GitHub/workspaceSTM32/STM32_FreeRTOS_Queue_Procesing/Third-Party/FreeRTOS/org/Source/portable/GCC/ARM_CM4F" -I"C:/Users/Asus/Documents/GitHub/workspaceSTM32/STM32_FreeRTOS_Queue_Procesing/StdPeriph_Driver/inc" -I"C:/Users/Asus/Documents/GitHub/workspaceSTM32/STM32_FreeRTOS_Queue_Procesing/inc" -I"C:/Users/Asus/Documents/GitHub/workspaceSTM32/STM32_FreeRTOS_Queue_Procesing/CMSIS/device" -I"C:/Users/Asus/Documents/GitHub/workspaceSTM32/STM32_FreeRTOS_Queue_Procesing/CMSIS/core" -O0 -g3 -Wall -fmessage-length=0 -ffunction-sections -c -MMD -MP -MF"StdPeriph_Driver/src/stm32f30x_tim.d" -MT"StdPeriph_Driver/src/stm32f30x_tim.o" -o "StdPeriph_Driver/src/stm32f30x_tim.o" "../StdPeriph_Driver/src/stm32f30x_tim.c"
Finished building: ../StdPeriph_Driver/src/stm32f30x_rtc.c
 
Building file: ../StdPeriph_Driver/src/stm32f30x_usart.c
Invoking: MCU GCC Compiler
Finished building: ../StdPeriph_Driver/src/stm32f30x_spi.c
C:\Users\Asus\Documents\GitHub\workspaceSTM32\STM32_FreeRTOS_Queue_Procesing\Debug
arm-none-eabi-gcc -mcpu=cortex-m4 -mthumb -mfloat-abi=hard -mfpu=fpv4-sp-d16 -DSTM32 -DSTM32F3 -DSTM32F30 -DSTM32F303VCTx -DSTM32F3DISCOVERY -DDEBUG -DSTM32F303xC -DUSE_STDPERIPH_DRIVER -I"C:/Users/Asus/Documents/GitHub/workspaceSTM32/STM32_FreeRTOS_Queue_Procesing/Utilities" -I"C:/Users/Asus/Documents/GitHub/workspaceSTM32/STM32_FreeRTOS_Queue_Procesing/Config" -I"C:/Users/Asus/Documents/GitHub/workspaceSTM32/STM32_FreeRTOS_Queue_Procesing/Third-Party/FreeRTOS/org/Source/include" -I"C:/Users/Asus/Documents/GitHub/workspaceSTM32/STM32_FreeRTOS_Queue_Procesing/Third-Party/SEGGER/Config" -I"C:/Users/Asus/Documents/GitHub/workspaceSTM32/STM32_FreeRTOS_Queue_Procesing/Third-Party/SEGGER/OS" -I"C:/Users/Asus/Documents/GitHub/workspaceSTM32/STM32_FreeRTOS_Queue_Procesing/Third-Party/SEGGER/SEGGER" -I"C:/Users/Asus/Documents/GitHub/workspaceSTM32/STM32_FreeRTOS_Queue_Procesing/Third-Party/FreeRTOS/org/Source/portable/GCC/ARM_CM4F" -I"C:/Users/Asus/Documents/GitHub/workspaceSTM32/STM32_FreeRTOS_Queue_Procesing/StdPeriph_Driver/inc" -I"C:/Users/Asus/Documents/GitHub/workspaceSTM32/STM32_FreeRTOS_Queue_Procesing/inc" -I"C:/Users/Asus/Documents/GitHub/workspaceSTM32/STM32_FreeRTOS_Queue_Procesing/CMSIS/device" -I"C:/Users/Asus/Documents/GitHub/workspaceSTM32/STM32_FreeRTOS_Queue_Procesing/CMSIS/core" -O0 -g3 -Wall -fmessage-length=0 -ffunction-sections -c -MMD -MP -MF"StdPeriph_Driver/src/stm32f30x_usart.d" -MT"StdPeriph_Driver/src/stm32f30x_usart.o" -o "StdPeriph_Driver/src/stm32f30x_usart.o" "../StdPeriph_Driver/src/stm32f30x_usart.c"
 
Building file: ../StdPeriph_Driver/src/stm32f30x_wwdg.c
Invoking: MCU GCC Compiler
C:\Users\Asus\Documents\GitHub\workspaceSTM32\STM32_FreeRTOS_Queue_Procesing\Debug
arm-none-eabi-gcc -mcpu=cortex-m4 -mthumb -mfloat-abi=hard -mfpu=fpv4-sp-d16 -DSTM32 -DSTM32F3 -DSTM32F30 -DSTM32F303VCTx -DSTM32F3DISCOVERY -DDEBUG -DSTM32F303xC -DUSE_STDPERIPH_DRIVER -I"C:/Users/Asus/Documents/GitHub/workspaceSTM32/STM32_FreeRTOS_Queue_Procesing/Utilities" -I"C:/Users/Asus/Documents/GitHub/workspaceSTM32/STM32_FreeRTOS_Queue_Procesing/Config" -I"C:/Users/Asus/Documents/GitHub/workspaceSTM32/STM32_FreeRTOS_Queue_Procesing/Third-Party/FreeRTOS/org/Source/include" -I"C:/Users/Asus/Documents/GitHub/workspaceSTM32/STM32_FreeRTOS_Queue_Procesing/Third-Party/SEGGER/Config" -I"C:/Users/Asus/Documents/GitHub/workspaceSTM32/STM32_FreeRTOS_Queue_Procesing/Third-Party/SEGGER/OS" -I"C:/Users/Asus/Documents/GitHub/workspaceSTM32/STM32_FreeRTOS_Queue_Procesing/Third-Party/SEGGER/SEGGER" -I"C:/Users/Asus/Documents/GitHub/workspaceSTM32/STM32_FreeRTOS_Queue_Procesing/Third-Party/FreeRTOS/org/Source/portable/GCC/ARM_CM4F" -I"C:/Users/Asus/Documents/GitHub/workspaceSTM32/STM32_FreeRTOS_Queue_Procesing/StdPeriph_Driver/inc" -I"C:/Users/Asus/Documents/GitHub/workspaceSTM32/STM32_FreeRTOS_Queue_Procesing/inc" -I"C:/Users/Asus/Documents/GitHub/workspaceSTM32/STM32_FreeRTOS_Queue_Procesing/CMSIS/device" -I"C:/Users/Asus/Documents/GitHub/workspaceSTM32/STM32_FreeRTOS_Queue_Procesing/CMSIS/core" -O0 -g3 -Wall -fmessage-length=0 -ffunction-sections -c -MMD -MP -MF"StdPeriph_Driver/src/stm32f30x_wwdg.d" -MT"StdPeriph_Driver/src/stm32f30x_wwdg.o" -o "StdPeriph_Driver/src/stm32f30x_wwdg.o" "../StdPeriph_Driver/src/stm32f30x_wwdg.c"
Finished building: ../StdPeriph_Driver/src/stm32f30x_syscfg.c
 
Finished building: ../StdPeriph_Driver/src/stm32f30x_tim.c
 
Finished building: ../StdPeriph_Driver/src/stm32f30x_usart.c
 
Finished building: ../StdPeriph_Driver/src/stm32f30x_wwdg.c
 
Building target: STM32_FreeRTOS_Queue_Procesing.elf
Invoking: MCU GCC Linker
arm-none-eabi-gcc -mcpu=cortex-m4 -mthumb -mfloat-abi=hard -mfpu=fpv4-sp-d16 -specs=rdimon.specs -lc -lrdimon -T"C:/Users/Asus/Documents/GitHub/workspaceSTM32/STM32_FreeRTOS_Queue_Procesing/LinkerScript.ld" -Wl,-Map=output.map -Wl,--gc-sections -o "STM32_FreeRTOS_Queue_Procesing.elf" @"objects.list"   -lm
Finished building target: STM32_FreeRTOS_Queue_Procesing.elf
 
make --no-print-directory post-build
Generating binary and Printing size information:
arm-none-eabi-objcopy -O binary "STM32_FreeRTOS_Queue_Procesing.elf" "STM32_FreeRTOS_Queue_Procesing.bin"
arm-none-eabi-size "STM32_FreeRTOS_Queue_Procesing.elf"
   text	   data	    bss	    dec	    hex	filename
  37796	   2560	  36644	  77000	  12cc8	STM32_FreeRTOS_Queue_Procesing.elf
 

08:58:31 Build Finished (took 16s.345ms)

